//Entries automatically added to help map file.

[topic_not_found]
file=isehelp/pp_c_overview.htm
title=
type=xilhelp

[topic contents]
file=isehelp/pp_c_overview.htm
title=
type=xilhelp

[topic topic_not_found]
file=isehelp/pp_c_overview.htm
title=
type=xilhelp

#include misc.map

//Start of entries taken from mapsource.dat.

//Map file for plugin_pp help (after XML conversion)

//Process labels in alpha order

[topic Process - Add Existing Source]
file=isehelp/ise_p_adding_a_source_to_a_project.htm

[topic Process - Analyze Design Using ChipScope]
file=isehelp/ise_c_process_analyze_design_using_chipscope.htm






[topic Process - Analyze Timing / Floorplan Design (PlanAhead)
file=isehelp/pp_p_process_analyze_timing_floorplan_design_post_imp.htm
title=Analyzing Timing and Floorplanning a Design - Post-Implementation
type=xilhelp





[topic Process - Analyze Post-Fit Static Timing]
file=isehelp/pp_p_process_analyze_post_fit_static_timing.htm
title=Analyzing Post-Fit Static Timing
type=xilhelp

[topic Process - Analyze Post-Map Static Timing]
file=isehelp/pp_p_process_analyze_post_map_static_timing.htm
title=Process - Analyze Post-Map Static Timing (Timing Analyzer)
type=xilhelp

[topic Process - Analyze Post-Place & Route Static Timing]
file=isehelp/pp_p_process_analyze_post_place_route_static_timing.htm
title=Analyzing Post-Place and Route Static Timing
type=xilhelp

[topic Process - Back-annotate Pin Locations]
file=isehelp/pp_p_process_back_annotate_pin_locations.htm
title=Process - Back-annotate Pin Locations
type=xilhelp



[topic Process - Behavioral Check Syntax]
file=isehelp/pp_p_process_check_syntax_simulation.htm
title=Checking Syntax for Simulation
type=xilhelp



[topic Process - Check All Core Versions]
file=isehelp/pp_p_process_checking_all_core_versions.htm
title=Checking All Core Versions
type=xilhelp


[topic Process - Check Design Rules]
file=isehelp/pp_p_process_check_design_rules.htm
title=Process - Check Design Rules
type=xilhelp




[topic Process - Check Syntax]
file=isehelp/pp_n_process_check_syntax.htm
title=Checking Syntax
type=xilhelp





[topic Process - Compile HDL Simulation Libraries]
file=isehelp/pp_p_process_compile_hdl_simulation_libraries.htm
title=Compiled HDL Simulation Libraries Process
type=xilhelp

[topic Process - Configure Target Device]
file=isehelp/pp_p_process_configure_target_device.htm
title=Process - Configure Target Device
type=xilhelp

[topic Process - Configure ModelSim Simulator]
file=isehelp/pp_c_process_configure_modelsim_simulator.htm
title=Using ModelSim Simulator
type=xilhelp

[topic Process - CORE Generator]
file=isehelp/pp_n_process_coregen.htm
title=Process - CORE Generator
type=xilhelp

[topic Process - Create New Source]
file=isehelp/ise_p_creating_a_new_source.htm

[topic Process - Create Schematic Symbol]
file=isehelp/pp_p_process_create_schematic_symbol.htm
title=Process - Create Schematic Symbol
type=xilhelp

[topic Process - Create Timing Constraints]
file=isehelp/pp_p_process_create_timing_constraints.htm
title=Process - Create Timing Constraints
type=xilhelp

[topic Process - Design Utilities]
file=isehelp/pp_r_process_design_utilities.htm
title=Design Utilities Toolbox
type=xilhelp

[topic Process - Design Summary/Reports]
file=isehelp/dsm_c_open_nav_design_summary.htm
title=Process - Design Summary/Reports
type=xilhelp

[topic Process - Edit Constraints (Text)]
file=isehelp/pp_p_process_edit_constraints.htm
title=Process - Edit Constraints (Text)
type=xilhelp


[topic Process - Export Hardware Design To SDK]
file=isehelp/pp_p_process_export_to_sdk.htm
title=Exporting a Hardware Design to SDK
type=xilhelp

[topic Process - Export Hardware Design To SDK with Bitstream]
file=isehelp/pp_p_process_export_to_sdk.htm
title=Exporting a Hardware Design to SDK
type=xilhelp

[topic Process - Export Hardware Design To SDK without Bitstream]
file=isehelp/pp_p_process_export_to_sdk.htm
title=Exporting a Hardware Design to SDK
type=xilhelp


[topic Process - Fit]
file=isehelp/ise_p_process_fit.htm





[topic Process - Floorplan Area/IO/Logic (PlanAhead)
file=isehelp/pp_p_process_floorplan_area_io_logic_post_syn.htm
title=Floorplanning a Design - Post-Synthesis
type=xilhelp







[topic Process - Floorplan Area / IO / Logic - Post-Synthesis]
file=isehelp/pp_p_process_floorplan_area_io_logic_post_syn.htm


[topic Process - Floorplan IO - Pre-Synthesis]
file=isehelp/pp_p_process_io_pin_planning_pre_syn.htm


[topic Process - Generate HDL Test Bench (XPS)]
file=isehelp/pp_p_process_generate_hdl_test_bench_xps.htm
title=Generating an HDL Test Bench (XPS)
type=xilhelp


[topic Process - Generate IBIS Model]
file=isehelp/pp_p_process_generate_ibis_model.htm
title=Process - Generate  IBIS Model
type=xilhelp

[topic Process - Generate Post-Fit Simulation Model]
file=isehelp/pp_p_process_generate_post_fit_simulation_model.htm
title=Process - Generate Post-Fit Simulation Model
type=xilhelp

[topic Process - Generate Post-Map Simulation Model]
file=isehelp/pp_p_process_generate_post_map_simulation_model.htm
title=Process- Generate Post-Map Simulation Model
type=xilhelp

[topic Process - Generate Post-Map Static Timing]
file=isehelp/pp_p_process_generate_post_map_static_timing.htm
title=Process - Generate Post-Map Stating Timing
type=xilhelp

[topic Process - Generate Post-Place & Route Simulation Model]
file=isehelp/pp_p_process_generate_post_place_and_route_simulation_model.htm
title=Generating a Post-Place and Route Simulation Model
type=xilhelp

[topic Process - Generate Post-Place & Route Static Timing]
file=isehelp/pp_p_process_generate_post_place_and_route_static_timing.htm
title=Generating Post-Place and Route Static Timing
type=xilhelp

[topic Process - Generate Post-Synthesis Simulation Model]
file=isehelp/pp_p_process_generate_post_synthesis_simulation_model.htm
title=Generating a Post-Synthesis Simulation Model [Project Navigator]
type=xilhelp

[topic Process - Generate Post-Translate Simulation Model]
file=isehelp/pp_p_process_generate_post_translate_simulation_model.htm
title=Process- Generate Post-Translate Simulation Model
type=xilhelp

[topic Process - Generate Power Report]
file=isehelp/pp_p_process_generate_power_data.htm
title=Generate Text Power Report Process
type=xilhelp

[topic Process - Generate Programming File]
file=isehelp/pp_n_process_generate_programming_file.htm
title=Process - Generate Programming File
type=xilhelp

[topic Process - Generate Target PROM/ACE File]
file=isehelp/pp_p_process_generate_target_prom_ace_file.htm
title=Generating a PROM, ACE or JTAG File
type=xilhelp

[topic Process - Generate SVF/XSVF/STAPL File]
file=isehelp/pp_p_process_generate_svf_file.htm
title=Generate SVF/ XSVF/ STAPL File Process
type=xilhelp

[topic Process - Generate Timing]
file=isehelp/pp_p_process_generate_timing.htm
title=Process - Generate Timing
type=xilhelp



[topic Process - Generate Top HDL Source]
file=isehelp/pp_p_process_generate_top_hdl_source.htm
title=Generating a Top HDL Source
type=xilhelp



[topic Process - I/O Pin Planning (PlanAhead) - Post-Synthesis]
file=isehelp/pp_p_process_io_pin_planning_post_syn.htm
title=I/O Pin Planning - Post-Synthesis
type=xilhelp

[topic Process - I/O Pin Planning (PlanAhead) - Pre-Synthesis]
file=isehelp/pp_p_process_io_pin_planning_pre_syn.htm
title=I/O Pin Planning - Pre-Synthesis
type=xilhelp






[topic Process - Implement Design]
file=isehelp/pp_n_process_implement_design.htm
title=Process - Implement Design
type=xilhelp

[topic Process - Launch Tools]
file=isehelp/pp_r_process_launch_tools.htm
title=Launch Tools Toolbox
type=xilhelp

[topic Process - Lock Pins]
file=isehelp/pp_p_process_lock_pins.htm
title=Locking Pins
type=xilhelp

[topic Process - Manage Cores]
file=isehelp/pp_p_process_manage_cores.htm
title=Manage Cores
type=xilhelp

[topic Process - Manage Processor Design (XPS)]
file=isehelp/pp_p_process_manage_processor_design_xps.htm
title=Managing the Processor Design (XPS)
type=xilhelp

[topic Process - Manage Configuration Project (iMPACT)]
file=isehelp/pp_p_process_manage_config_project_impact.htm
title=Managing the Processor Design (XPS)
type=xilhelp

[topic Process - Manage System Generator DSP Design]
file=isehelp/ise_c_working_with_sysgen.htm

[topic Process - Manually Place & Route (FPGA Editor)]
file=isehelp/pp_p_process_manually_place_route.htm
title=Manually Placing and Routing (FPGA Editor)
type=xilhelp

[topic Process - Map]
file=isehelp/pp_p_process_mapping.htm
title=Running the Map Process
type=xilhelp

[topic Process - ModelSim Simulator]
file=isehelp/pp_r_process_modelsim_simulator.htm
title=ModelSim Simulator Process
type=xilhelp



[topic Process - Optional Implementation Tools]
file=isehelp/pp_r_process_optional_implementation_tools.htm
title=Optional Implementation Tools Toolbox
type=xilhelp


[topic Process - Place & Route]
file=isehelp/pp_p_process_place_and_route.htm
title=Running Place and Route (PAR)
type=xilhelp





[topic Process - Post Place & Route Check Syntax]
file=isehelp/pp_p_process_check_syntax_simulation.htm
title=Checking Syntax for Simulation
type=xilhelp


[topic Process - Post-Place & Route Check Syntax]
file=isehelp/pp_p_process_check_syntax_simulation.htm
title=Checking Syntax for Simulation
type=xilhelp




[topic Process - Pre-Assign Package Pins]
file=isehelp/pp_p_process_pre_assign_package_pins.htm
title=Pre-Assign Package Pins Process
type=xilhelp

[topic Process - Regenerate All Cores]
file=isehelp/pp_p_process_regenerate_all_cores.htm
title=Regenerate All Cores Process
type=xilhelp

[topic Process - Regenerate Core]
file=isehelp/pp_p_process_regenerate_core.htm
title=Process - Regenerate Core
type=xilhelp

[topic Process - Simulate Behavioral Model]
file=isehelp/pp_p_process_simulate_behavioral_model.htm
title=Simulate Behavioral Model Process
type=xilhelp

[topic Process - Simulate Post-Fit Model]
file=isehelp/pp_p_process_simulate_post_fit_model.htm
title=Simulating Post-Fit Model
type=xilhelp

[topic Process - Simulate Post-Map Model]
file=isehelp/pp_p_process_simulate_post_map_model.htm
title=Performing Post-Map Simulation
type=xilhelp

[topic Process - Simulate Post-Place & Route Model]
file=isehelp/pp_p_process_simulate_post_place.htm
title=Performing Post-Place & Route Simulation
type=xilhelp

[topic Process - Simulate Post-Translate Model]
file=isehelp/pp_p_process_simulate_post_translate_model.htm
title=Performing Post-Translate Simulation
type=xilhelp

[topic Process - Synthesize - Precision]
file=isehelp/ise_p_using_precision_for_synthesis.htm

[topic Process - Synthesize - Synplify]
file=isehelp/ise_p_using_synplify_for_synthesis.htm

[topic Process - Synthesize - Synplify Pro]
file=isehelp/ise_p_using_synplify_for_synthesis.htm

[topic Process - Synthesize - XST]
file=isehelp/ise_c_using_xst_for_synthesis.htm

[topic Process - Translate]
file=isehelp/pp_n_process_translate.htm
title=Process - Translate
type=xilhelp

[topic Process - Update All Schematic Files]
file=isehelp/pp_p_process_update_all_schematic_files.htm
title=Process - Update All Schematic Files
type=xilhelp

[topic Process - Update Bitstream with Processor Data]
file=isehelp/pp_p_process_update_bitstream_processor_data_xps.htm
title=Updating a Bitstream with Processor Data
type=xilhelp



[topic Process - Update Core to Latest Version]
file=isehelp/pp_p_process_updating_core_version.htm
title=Updating a Core to the Latest Version
type=xilhelp



[topic Process - User Constraints]
file=isehelp/pp_r_process_user_constraints.htm
title=Process - User Constraints
type=xilhelp

[topic Process - View Command Line Log File]
file=isehelp/pp_p_process_view_command_line_log_file.htm
title=Process - View Command Line Log File
type=xilhelp

[topic Process - View Compilation Log]
file=isehelp/pp_p_process_view_compilation_log.htm
title=View Compilation Log Process
type=xilhelp

[topic Process - View Critical Path Schematic]
file=isehelp/ise_p_using_precision_for_synthesis.htm
title=Process - View Critical Path Schematic
type=xilhelp

[topic Process - View Design Summary]
file=isehelp/dsm_c_ds_view_design_summary.htm

[topic Process - View/Edit Placed Design (Floorplanner)]
file=isehelp/pp_p_process_analyze_timing_floorplan_design_post_imp.htm
title=View/Edit Placed Design (Floorplanner) Process
type=xilhelp

[topic Process - View/Edit Routed Design (FPGA Editor)]
file=isehelp/pp_p_process_view_edit_routed_design.htm
title=Viewing and Editing a Routed Design
type=xilhelp

[topic Process - View HDL Functional Model]
file=isehelp/pp_p_process_view_hdl_functional_model.htm
title=Viewing an HDL Functional Model
type=xilhelp

[topic Process - View HDL Instantiation Template]
file=isehelp/pp_p_process_view_hdl_instantiation_template.htm
title=View HDL Instantiation Template Process
type=xilhelp

[topic Process - View HDL Source]
file=isehelp/pp_p_process_view_hdl_source.htm
title=View HDL Source Process
type=xilhelp

[topic Process - View IBIS Model]
file=isehelp/pp_p_process_view_ibis_model.htm
title=Process - View IBIS Model
type=xilhelp

[topic Process - View Locked Pin Constraints]
file=isehelp/pp_p_process_view_locked_pin_constraints.htm
title=View Lock Pin Constraints Process
type=xilhelp

[topic Process - View Log File]
file=isehelp/ise_p_using_precision_for_synthesis.htm

[topic Process - View Processor Design Log (XPS)]
file=isehelp/pp_p_process_view_processor_design_log_xps.htm
title=Viewing the Processor Design Log
type=xilhelp

[topic Process - View RTL Schematic]
file=isehelp/pp_n_process_launch_rtl_viewer.htm
title=Viewing an RTL Schematic
type=xilhelp

[topic Process - View Simulation Report]
file=isehelp/pp_process_view_ver_vhdl_simulation_report.htm
title=Viewing a Simulation Report
type=xilhelp

[topic Process - View Synthesis Report]
file=isehelp/pp_c_process_view_synthesis_report.htm
title=Process - Viewing a Synthesis Report in Synplify or Synplify Pro Software
type=xilhelp


[topic Process - View Technology Schematic]
file=isehelp/pp_n_process_view_technology_schematic.htm
title=Process - View Technology Schematic
type=xilhelp

[topic Process - ISim Simulator]
file=isehelp/pp_c_process_xilinx_ise_simulator.htm
title=ISim Simulator Toolbox
type=xilhelp

[topic Process - XPower Analyzer]
file=isehelp/pp_p_process_xpower_analyzer.htm
title=XPower Analyzer Process
type=xilhelp


//Property Dialog Boxes in alpha order


[topic Back-annotate Pin Locations Properties]
file=isehelp/pp_p_process_back_annotate_pin_locations.htm
title=Back-Annotating Pin Locations
type=xilhelp

[topic Configuration Options]
file=isehelp/pp_db_configuration_options.htm
title=Configuration Options
type=xilhelp

[topic Configure Target Device Properties]
file=isehelp/pp_db_configure_target_device_properties.htm
title=Configure Target Device Properties
type=xilhelp

[topic Constraint File Options__syn]
file=isehelp/pp_db_constraint_file_options_syn.htm
title=Constraint File Options
type=xilhelp

[topic CORE Generator Properties]
file=isehelp/pp_db_coregen_properties.htm
title=Coregen Properties
type=xilhelp

[topic Design]
file=isehelp/pp_db_design_properties.htm
title=Design Properties
type=xilhelp

[topic Device Options]
file=isehelp/pp_db_device_options.htm
title=Device Options
type=xilhelp

[topic Display Properties]
file=isehelp/pp_db_display_properties.htm
title=Display Properties
type=xilhelp

[topic Encryption Options]
file=isehelp/pp_db_encryption_options.htm
title=Encryption Options
type=xilhelp


[topic Export to SDK Properties]
file=isehelp/pp_db_export_to_sdk.htm
title=Export to SDK Properties
type=xilhelp


[topic Fitting]
file=isehelp/pp_db_fitting_properties.htm
title=Fitting
type=xilhelp

[topic Fitting__cr2]
file=isehelp/pp_db_fitting_properties.htm
title=Fitting Properties
type=xilhelp

[topic Fitting__xc9500]
file=isehelp/pp_db_fitting_properties.htm
title=Fitting Properties
type=xilhelp

[topic Fitting__xpla3]
file=isehelp/pp_db_fitting_properties.htm
title=Fitting Properties
type=xilhelp

[topic Functional Model Properties]
file=isehelp/pp_db_functional_model_properties.htm
title=Functional Model Properties [Project Navigator]
type=xilhelp

[topic General Options]
file=isehelp/pp_db_general_options.htm
title=General Options
type=xilhelp


[topic Generate HDL Test Bench (XPS) Properties]
file=isehelp/pp_db_generate_hdl_test_bench_xps.htm
title=Generate HDL Test Bench (XPS) Properties
type=xilhelp




[topic Generate Target PROM/ACE File Properties]
file=isehelp/pp_db_generate_target_prom_ace_properties.htm
title=Generate Target PROM/ACE File Properties
type=xilhelp

[topic HDL Options]
file=isehelp/pp_db_hdl_options_syn.htm
title=XST HDL Options
type=xilhelp

[topic HDL Options__xst]
file=isehelp/pp_db_xst_hdl_synthesis_options.htm
title=HDL Options
type=xilhelp

[topic HDL Source Properties]
file=isehelp/pp_db_hdl_source_properties.htm
title=HDL Source Properties [Project Navigator]
type=xilhelp

[topic IBIS Model Generation Properties]
file=isehelp/pp_db_ibis_model_generation_properties.htm
title=IBIS Model Generation Properties
type=xilhelp

[topic Manage Configuration Project (iMPACT) Properties]
file=isehelp/pp_db_impact_programming_tool_properties.htm

[topic Instantiation Template Properties]
file=isehelp/pp_db_instantiation_template_properties.htm
title=Instantiation Template Properties [Project Navigator]
type=xilhelp

[topic ISim Properties]
file=isehelp/pp_db_isim_properties.htm
title=ISim Properties
type=xilhelp


[topic Lock Pins Properties]
file=isehelp/pp_p_process_lock_pins.htm
title=Locking Pins
type=xilhelp


[topic Map Properties]
file=isehelp/pp_db_map_properties.htm
title=Map Properties
type=xilhelp

[topic Pin Pre-Assignment Properties]
file=isehelp/pp_db_pin_pre_assignment_properties.htm
title=Pin Pre-Assignment Properties
type=xilhelp

[topic Place & Route Properties]
file=isehelp/pp_db_place_and_route_properties.htm
title=Place &amp; Route Property Options
type=xilhelp

[topic Post-Map Static Timing Report Properties]
file=isehelp/pp_db_post_map_static_timing_report_properties.htm
title=Post-Map Static Timing Report Property Options
type=xilhelp

[topic Post-Place & Route Static Timing Report Properties]
file=isehelp/pp_db_post_place_and_route_static_timing_report_properties.htm
title=Post-Place &amp; Route Static Timing Report Properties
type=xilhelp

[topic Power Report Properties]
file=isehelp/pp_db_power_report_properties.htm
title=Power Report Properties
type=xilhelp

[topic Programming]
file=isehelp/pp_db_programming_properties.htm
title=Programming Properties
type=xilhelp

[topic Readback Options]
file=isehelp/pp_db_readback_options.htm
title=Readback Property Options for Virtex/E, Spartan-II
type=xilhelp

[topic Reports]
file=isehelp/pp_db_reports_properties.htm
title=Reports Properties
type=xilhelp



[topic General Options__compxlib]
file=isehelp/pp_db_simulation_library_compiler_properties.htm
title=General Options
type=xilhelp

[topic EDK Specific Options__compxlib]
file=isehelp/pp_db_simulation_library_compiler_properties_edk.htm
title=EDK Specific Options
type=xilhelp



[topic Simulation Model]
file=isehelp/pp_db_simulation_model_properties_cpld.htm
title=Simulation Model Properties
type=xilhelp

[topic Simulation Model Properties]
file=isehelp/pp_db_simulation_model_properties.htm
title=Simulation Model Properties
type=xilhelp

[topic Simulation Model Properties__cpld]
file=isehelp/pp_simulation_model_properties_cpld.htm
title=Simulation Model Properties
type=xilhelp

[topic Simulation Model Properties__cpl]
file=isehelp/pp_db_simulation_model_properties_cpld.htm
title=Simulation Model Properties
type=xilhelp

[topic Simulation Properties]
file=isehelp/pp_db_simulation_properties.htm
title=Simulation Properties
type=xilhelp

[topic Startup Options]
file=isehelp/pp_db_startup_options.htm
title=Startup Options
type=xilhelp

[topic Suspend/Wake Options]
file=isehelp/pp_db_suspend_wake_options.htm
title=Suspend/Wake Options
type=xilhelp

[topic Symbol Generator Properties]
file=isehelp/pp_db_symbol_generator_properties.htm
title=Symbol Generator Properties
type=xilhelp

[topic Synthesis Options__syn]
file=isehelp/pp_db_synthesis_options_syn.htm
title=Synthesis Options dialog box
type=xilhelp

[topic Synthesis Options__xst]
file=isehelp/pp_db_xst_synthesis_options.htm
title=Synthesis Options
type=xilhelp

[topic Synthesis__syn]
file=isehelp/pp_n_synthesize_syn_tabs.htm
title=Synthesize - Synplify/Synplify Pro Process Properties
type=xilhelp

[topic Synthesis__xst]
file=isehelp/pp_n_synthesis_xst.htm

[topic Timing Report]
file=isehelp/pp_db_timing_report.htm
title=Timing Report
type=xilhelp

[topic Translate Properties]
file=isehelp/pp_db_translate_properties.htm
title=Translate Property Options
type=xilhelp

[topic User Constraints Properties]
file=isehelp/pp_db_user_constraints_properties.htm
title=User Constraints Properties
type=xilhelp

[topic Verilog Simulation Model Properties]
file=isehelp/pp_verilog_simulation_model_properties.htm
title=Verilog Simulation Model Properties
type=xilhelp

[topic VHDL Simulation Model Properties]
file=isehelp/pp_vhdl_simulation_model_properties.htm
title=VHDL Simulation Model Properties
type=xilhelp

[topic Xilinx Specific Options]
file=isehelp/pp_db_xilinx_specific_options.htm
title=Xilinx Specific Options
type=xilhelp

[topic XPower Analyzer Properties]
file=isehelp/pp_db_xpower_properties.htm
title=XPower Properties
type=xilhelp

[topic Input Options__pre]
file=isehelp/pp_synthesis_options_pre.htm
title=Precision Synthesis Options
type=xilhelp

[topic Input Options]
file=isehelp/pp_db_synthesis_options_pre.htm
title=Precision Synthesis Options
type=xilhelp

[topic Optimization Options__pre]
file=isehelp/pp_db_synthesis_options_pre.htm
title=Precision Synthesis Options
type=xilhelp

[topic Optimization Options]
file=isehelp/pp_db_synthesis_options_pre.htm
title=Precision Synthesis Options
type=xilhelp

[topic Timing Options__pre]
file=isehelp/pp_db_synthesis_options_pre.htm
title=Precision Synthesis Options
type=xilhelp

[topic Timing Options]
file=isehelp/pp_db_synthesis_options_pre.htm
title=Precision Synthesis Options
type=xilhelp

[topic Output Options]
file=isehelp/pp_db_synthesis_options_pre.htm
title=Precision Synthesis Options
type=xilhelp

[topic Output Options__pre]
file=isehelp/pp_db_synthesis_options_pre.htm
title=Precision Synthesis Options
type=xilhelp
