//Entries automatically added to help map file.

[topic_not_found]
file=isehelp/pta_c_overview.htm
title=
type=xilhelp

[topic contents]
file=isehelp/pta_c_overview.htm
title=
type=xilhelp

[topic topic_not_found]
file=isehelp/pta_c_overview.htm
title=
type=xilhelp

#include misc.map

//Start of entries taken from mapsource.dat.


//**********************************************************
//For Help menu

[topic plugin_ta_overview]
file=isehelp/pta_c_overview.htm
title=
type=xilhelp

//**********************************************************
//Menu items specific to Timing Analyzer

[topic ttc-open-design]
file=isehelp/pta_p_ttc-open-design.htm
title=Open Design
type=xilhelp

[topic ttc-apply-pcf]
file=isehelp/pta_p_ttc-apply-pcf.htm
title=Apply Physical Constraints File
type=xilhelp

[topic ttc-close-design]
file=isehelp/pta_p_ttc-close-design.htm
title=Close Design
type=xilhelp

[topic ttc-run-analysis]
file=isehelp/pta_p_ttc-run-analysis.htm
title=Run Analysis
type=xilhelp

[topic ttc-query]
file=isehelp/pta_p_ttc-query.htm
title=Querying for Information
type=xilhelp

[topic ttc-list-clocks]
file=isehelp/pta_p_ttc-list-clocks.htm
title=Creating a Clocks Report
type=xilhelp

[topic ttc-reset-filters]
file=isehelp/ pta_p_ttc-analyze-reset-path-filters.htm
title=Reset All Path Filters
type=xilhelp


//**********************************************************
//Popup menu items?

[topic ttc-launch-fed]
file=isehelp/pta_p_ttc-launch-fed.htm
title=Launch FPGA Editor
type=xilhelp

[topic ttc-view-text]
file=isehelp/pta_p_ttc-view-text.htm
title=Viewing Reports in Textual Format
type=xilhelp

[topic ttc-view-html]
file=isehelp/pta_p_ttc-view-html.htm
title=Viewing Reports in HTML Format
type=xilhelp

[topic ttc-display-slack-equation]
file=isehelp/pta_c_ttc-display-slack-equation.htm
title=Display Slack Equation Window
type=xilhelp

[topic ttc-xprobe-fed]
file=isehelp/pta_p_ttc-xprobe-fed.htm
title=Show in FPGA Editor
type=xilhelp

[topic ttc-xprobe-clock-path-fed]
file=isehelp/pta_p_ttc-xprobe-clock-path-fed.htm
title=Show Clock Path in FPGA Editor
type=xilhelp

[topic ttc-xprobe-data-path-fed]
file=isehelp/pta_p_ttc-xprobe-data-path-fed.htm
title=Show Data Path in FPGA Editor
type=xilhelp

[topic ttc-xprobe-floorplan-implemented]
file=isehelp/pta_p_ttc-xprobe-fed.htm
title=Cross Probing to Floorplan-Implemented
type=xilhelp

[topic ttc-xprobe-data-path-floorplan-implemented]
file=isehelp/pta_p_ttc-xprobe-data-path-fed.htm
title=Cross Probe Data Path to Floorplan-Implemented
type=xilhelp

[topic ttc-xprobe-tech-view]
file=isehelp/pta_p_ttc-xprobe-tech-view.htm
title=Show Data Technology Viewer
type=xilhelp

[topic ttc-xprobe-clock-path-tech-view]
file=isehelp/pta_p_ttc-xprobe-clock-path-tech-view.htm
title=Show Clock Path in Technology Viewer
type=xilhelp

[topic ttc-xprobe-data-path-tech-view]
file=isehelp/pta_p_ttc-xprobe-data-path-tech-view.htm
title=Show Data Path in Technology Viewer
type=xilhelp

[topic ttc-xprobe-data-path-technology-view]
file=isehelp/pta_p_ttc-xprobe-data-path-tech-view.htm
title=Cross Probe Data Path to Technology View-Exploration Mode
type=xilhelp

[topic ttc-edit-source-constraint]
file=isehelp/pta_p_ttc-edit-source-constraint.htm
title=Edit Source Constraint
type=xilhelp

//**********************************************************
//Dialog boxes and tabs

[topic ttc-apply-pcf-dialog]
file=isehelp/pta_db_ttc-apply-pcf-dialog.htm
title=Apply Physical Constraints File Dialog Box
type=xilhelp

[topic ttc-query-nets-page]
file=isehelp/pta_db_ttc-query-nets-page.htm
title=Query Nets Dialog Box
type=xilhelp

[topic ttc-query-timegroups-page]
file=isehelp/pta_db_ttc-query-timegroups-page.htm
title=Query Timegroups Dialog Box
type=xilhelp

[topic ttc-constraints-page]
file=isehelp/pta_db_ttc-constraints-page.htm
title=Timing Constraints Tab
type=xilhelp

[topic ttc-report-contents-page]
file=isehelp/pta_p_ttc-report-contents-page.htm
title=Report Contents
type=xilhelp

[topic ttc-device-settings-page]
file=isehelp/pta_db_ttc-device-settings-page.htm
title=Device Settings Tab
type=xilhelp

[topic ttc-filter-nets-page]
file=isehelp/pta_c_ttc-filter-nets-page.htm
title=Filter by Nets Tab
type=xilhelp

[topic ttc-path-tracing-page]
file=isehelp/pta_c_ttc-path-tracing-page.htm
title=Path Tracing Tab
type=xilhelp

[topic ttc-path-endpoints-page]
file=isehelp/pta_c_ttc-path-endpoints-page.htm
title=Path Endpoints Tab
type=xilhelp

[topic ttc-clock-io-page]
file=isehelp/pta_db_ttc-clock-io-page.htm
title=Clock and I/O Timing Tab
type=xilhelp

[topic ttc-report-preferences-page]
file=isehelp/pta_db_ttc-report-preferences-page.htm
title=Preferences Dialog Box - Report Page
type=xilhelp

[topic ttc-fonts-preferences-page]
file=isehelp/pta_db_ttc-fonts-preferences-page.htm
title=Preferences Dialog Box - Fonts Page
type=xilhelp

[topic ttc-timing-index-view]
file=isehelp/pta_c_ttc-timing-index-view.htm
title=Timing Report Index
type=xilhelp

[topic ttc-timing-objects-view]
file=isehelp/pta_c_ttc-timing-objects-view.htm
title=Timing Objects List
type=xilhelp

[topic ttc-timing-report-view]
file=isehelp/pta_c_ttc-timing-report-view.htm
title=Timing Report View
type=xilhelp

[topic ttc-view-html]
file=isehelp/pta_r_standalone_tool_emulation.htm
title=Starting Timing Analyzer without a Project (Standalone Tool Emulation)
type=xilhelp

[topic ttc-analyze-against-timing-constraints]
file=isehelp/pta_p_ttc-analyze-against-timing-constraints.htm
title=Creating a Timing Constraints Analysis Report
type=xilhelp

[topic ttc-analyze-against-autogenerated-design-constraints]
file=isehelp/pta_p_ttc-analyze-against-autogenerated-design-constraints.htm
title=Creating an Advanced Design Analysis Report
type=xilhelp

[topic ttc-analyze-by-defining-path-endpoints]
file=isehelp/pta_p_ttc-analyze-by-defining-path-endpoints.htm
title=Creating a Custom Analysis Report
type=xilhelp

[topic ttc-analyze-by-defining-clockIO]
file=isehelp/pta_p_ttc-analyze-by-defining-clockIO.htm
title=Creating an Analyze Against User Specified Paths by Defining Clock and IO Timing Report 
type=xilhelp

[topic ttc-analyze-query-nets]
file=isehelp/pta_p_ttc-analyze-query-nets.htm
title=Creating a Net Report
type=xilhelp

[topic ttc-analyze-timegroups]
file=isehelp/pta_p_ttc-analyze-timegroups.htm
title=Creating a Timegroup Report
type=xilhelp

[topic ttc-analyze-reset-path-filters]
file=isehelp/pta_p_ttc-analyze-reset-path-filters.htm
title=Resetting all Path Filters
type=xilhelp

[topic ttc-analyze-clocks]
file=isehelp/pta_p_ttc-analyze-clocks.htm
title=Viewing Clocks in a Design
type=xilhelp

[topic ttc-analyze-settings]
file=isehelp/pta_p_ttc-analyze-settings.htm
title=Viewing Timing Analyzer Settings
type=xilhelp

[topic ttc-analyze-against-timing-constraints-direct]
file=isehelp/pta_db_ttc-analyze-against-timing-constraints-direct.htm
title=Analyze Against Timing Constraints (Active Toolbar Button)
type=xilhelp

[topic ttc-analyze-against-autogenerated-design-constraints-direct]
file=isehelp/pta_db_ttc-analyze-against-autogenerated-design-constraints-direct.htm
title=Analyze Against Auto Generated Design Constraints (Active Toolbar Button)
type=xilhelp

[topic ttc-filter-paths-by-nets-tab]
file=isehelp/pta_c_ttc-filter-nets-page.htm
title=Filter Paths by Nets Tab
type=xilhelp

[topic ttc-fpga-options-tab]
file=isehelp/pta_c_ttc-fpga-options-tab.htm
title=Options Tab (FPGA Designs)
type=xilhelp

[topic ttc-path-tracing-tab]
file=isehelp/pta_c_ttc-path-tracing-page.htm
title=Path Tracing Tab
type=xilhelp

[topic ttc-path-endpoints-tab]
file=isehelp/pta_c_ttc-path-end-points-tab.htm
title=Path Endpoints Tab
type=xilhelp

[topic ttc-timing-constraints-tab]
file=isehelp/pta_c_ttc-timing-constraints-tab.htm
title=Timing Constraints Tab
type=xilhelp

[topic ttc-clock-io-tab]
file=isehelp/pta_db_ttc-clock-io-page.htm
title=Clock IO Tab
type=xilhelp

[topic ttc-auto-generated-tab]
file=isehelp/pta_c_ttc-auto-generated-tab.htm
title=Auto Constraints Tab
type=xilhelp

[topic ttc-query-nets-summary-tab]
file=isehelp/pta_c_ttc-query-nets-summary-tab.htm
title=Summary Report Tab
type=xilhelp

[topic ttc-query-nets-detailed-tab]
file=isehelp/pta_c_ttc-query-nets-detailed-tab.htm
title=Detailed Report Tab
type=xilhelp

[topic ttc-query-time-groups-dialog]
file=isehelp/pta_db_ttc-query-timegroups-page.htm
title=Query Timegroups Dialog Box
type=xilhelp

[topic ttc-timing-improvement-wizard-dialog]
file=isehelp/pta_c_tcc-timing-improvement-wizard-dialog.htm
title=Timing Improvement Wizard Suggestions
type=xilhelp

[topic ttc-constraint-improvement-wizard-dialog]
file=isehelp/pta_c_ttc-constraint-improvement-wizard-dialog.htm
title=Constraint Improvement Wizard Suggestions
type=xilhelp

[topic ttc-slack-equation-dialog]
file=isehelp/pta_db_ttc-display-slack-equation.htm
title=Pop-up Slack Equation Window
type=xilhelp



[topic ttc-launch-tiw]
file=isehelp/pta_p_ttc-launch-tiw.htm
title=Using the Timing Improvement Wizard
type=xilhelp

[topic ttc-launch-ciw]
file=isehelp/pta_p_ttc-launch-ciw.htm
title=Constraint Improvement Wizard
type=xilhelp

[topic ttc-display-slack-equation]
file=isehelp/pta_c_ttc-display-slack-equation.htm
title= Display Slack Equatioin
type=xilhelp

[topic ttc-xprobe-technology-view]
file=isehelp/pta_p_ttc-xprobe-tech-view.htm
title=Cross Probing to Technology Viewer in Exploration Mode
type=xilhelp

[topic pn-transcript-tcl-console-tab]
file=isehelp/pta_p_using_tcl_console_tab.htm
title=Using the Tcl Console Tab
type=xilhelp

[topic ttc-timing-report-view]
file=isehelp/pta_p_ttc-timing-report-view.htm
title=Viewing a Timing Analysis Report 
type=xilhelp

[topic ttc-timing-index-window]
file=isehelp/pta_p_timing_tab.htm
title=Timing Tab
type=xilhelp

[topic ttc-timing-objects-window]
file=isehelp/pta_p_sort_in_browser.htm
title=Using the Timing Objects List
type=xilhelp

[topic ttc-open-design-dialog]
file=isehelp/pta_db_open_design_dialog.htm  
title=Open Design
type=xilhelp

[topic file-mru-file1]
file=/ce_hid_file_mru_file1.htm

[topic file-mru-file2]
file=/ce_hid_file_mru_file1.htm

[topic file-mru-file3]
file=/ce_hid_file_mru_file1.htm

[topic file-mru-file4]
file=/ce_hid_file_mru_file1.htm

[topic file-mru-file5]
file=/ce_hid_file_mru_file1.htm

[topic file-mru-file6]
file=/ce_hid_file_mru_file1.htm

[topic file-mru-file7]
file=/ce_hid_file_mru_file1.htm

[topic file-mru-file8]
file=/ce_hid_file_mru_file1.htm

[topic file-mru-file9]
file=/ce_hid_file_mru_file1.htm

[topic file-mru-file10]
file=/ce_hid_file_mru_file1.htm

[topic file-mru-file11]
file=/ce_hid_file_mru_file1.htm

[topic file-mru-file12]
file=/ce_hid_file_mru_file1.htm

[topic file-mru-file13]
file=/ce_hid_file_mru_file1.htm

[topic file-mru-file14]
file=/ce_hid_file_mru_file1.htm

[topic file-mru-file15]
file=/ce_hid_file_mru_file1.htm

[topic file-mru-file16]
file=/ce_hid_file_mru_file1.htm

#include delay_types.map
