//Entries automatically added to help map file.

[topic_not_found]
file=isehelp/ite_c_overview.htm
title=
type=xilhelp

[topic contents]
file=isehelp/ite_c_overview.htm
title=
type=xilhelp

[topic topic_not_found]
file=isehelp/ite_c_overview.htm
title=
type=xilhelp

#include misc.map

//Start of entries taken from mapsource.dat.

//Default topic for calling from the Help menu.
[topic plugin_ite_overview]
file=isehelp/ite_c_overview.htm

//MENU COMMANDS

[topic sedtq-edit-comment-lines]
file=isehelp/ite_p_commenting_line.htm
title=Commenting a Line of Text
type=xilhelp

[topic sedtq-edit-comment-selection]
file=isehelp/ite_p_commenting_block.htm
title=Commenting a Block of Text
type=xilhelp

[topic sedtq-edit-uncomment-lines]
file=isehelp/ite_p_commenting_line.htm
title=Commenting a Line of Text
type=xilhelp

[topic sedtq-edit-uncomment-selection]
file=isehelp/ite_p_commenting_block.htm
title=Commenting a Block of Text
type=xilhelp

[topic find-in-files]
file=isehelp/ite_p_using_find_in_files.htm
title=Using Find in Files
type=xilhelp

[topic sedtq-edit-indent-decrease]
file=isehelp/ite_p_indenting_text.htm
title=Indenting Text
type=xilhelp

[topic sedtq-edit-indent-increase]
file=isehelp/ite_p_indenting_text.htm
title=Indenting Text
type=xilhelp

[topic sedtq-edit-convert-uppercase]
file=isehelp/ite_p_converting_text_uppercase.htm
title=Converting Text to Uppercase
type=xilhelp

[topic sedtq-edit-convert-lowercase]
file=isehelp/ite_p_converting_text_lowercase.htm
title=Converting Text to Lowercase
type=xilhelp

[topic sedtq-edit-convert-tabify]
file=isehelp/ite_p_converting_spaces_to_tabs.htm
title=Converting Spaces to Tabs
type=xilhelp

[topic sedtq-edit-convert-untabify]
file=isehelp/ite_p_converting_tabs_to_spaces.htm
title=Converting Tabs to Spaces
type=xilhelp

[topic sedtq-edit-convert-eol]
file=isehelp/ite_p_converting_end_of_line_characters.htm
title=Converting End of Line Characters
type=xilhelp

[topic sedtq-edit-insertFile]
file=isehelp/ite_p_insert_file.htm
title=Inserting a File
type=xilhelp


[topic sedtq-edit-goto-next-word]
file=isehelp/ite_p_goto.htm
title=Navigating with Go To Commands
type=xilhelp

[topic sedtq-edit-goto-previous-word]
file=isehelp/ite_p_goto.htm
title=Navigating with Go To Commands
type=xilhelp

[topic sedtq-edit-goto-bof]
file=isehelp/ite_p_goto.htm
title=Navigating with Go To Commands
type=xilhelp

[topic sedtq-edit-goto-eof]
file=isehelp/ite_p_goto.htm
title=Navigating with Go To Commands
type=xilhelp

[topic sedtq-edit-goto-line]
file=isehelp/ite_p_goto.htm
title=Navigating with Go To Commands
type=xilhelp

[topic sedtq-edit-goto-schematic]
file=isehelp/ite_p_crossprobe_rtl_viewer.htm
title=Navigating with Go To Commands
type=xilhelp



[topic sedtq-edit-select-nextWord]
file=isehelp/ite_c_p_selecting_text.htm
title=Selecting Text
type=xilhelp

[topic sedtq-edit-select-previousWord]
file=isehelp/ite_c_p_selecting_text.htm
title=Selecting Text
type=xilhelp

[topic edit-find]
file=isehelp/ite_p_find_and_findnext.htm
title=Finding Text
type=xilhelp

[topic edit-find-next]
file=isehelp/ite_p_find_and_findnext.htm
title=Finding Text
type=xilhelp

[topic sednq-edit-find-previous]
file=isehelp/ite_p_find_and_findnext.htm
title=Finding Text
type=xilhelp

[topic sednq-edit-find-and-replace]
file=isehelp/ite_p_replace.htm
title=Finding and Replacing Text
type=xilhelp


[topic  edit-select-all]
file=isehelp/ite_c_p_selecting_text.htm
title=Selecting Text
type=xilhelp

[topic edit-unselect-all]
file=isehelp/ite_c_p_selecting_text.htm
title=Selecting Text
type=xilhelp

[topic sedtq-edit-select-bol]
file=isehelp/ite_c_p_selecting_text.htm
title=Selecting Text
type=xilhelp

[topic sedtq-edit-select-eol]
file=isehelp/ite_c_p_selecting_text.htm
title=Selecting Text
type=xilhelp

[topic sedtq-edit-select-bof]
file=isehelp/ite_c_p_selecting_text.htm
title=Selecting Text
type=xilhelp

[topic sedtq-edit-select-eof]
file=isehelp/ite_c_p_selecting_text.htm
title=Selecting Text
type=xilhelp


[topic sedtq-edit-replace]
file=isehelp/ite_p_replace.htm
title=Finding and Replacing Text
type=xilhelp

[topic sedtq-view-bookmark-toggle]
file=isehelp/ite_p_bookmarks_creating.htm
title=Creating Bookmarks
type=xilhelp

[topic sedtq-view-bookmark-next]
file=isehelp/ite_p_bookmarks_navigating.htm
title=Navigating with Bookmarks
type=xilhelp

[topic sedtq-view-bookmark-previous]
file=isehelp/ite_p_bookmarks_navigating.htm
title=Navigating with Bookmarks
type=xilhelp

[topic sedtq-view-bookmark-deleteAll]
file=isehelp/ite_p_bookmarks_deleting.htm
title=Deleting Bookmarks
type=xilhelp

[topic sedtq-view-breakpoint-toggle]
file=isehelp/ism_p_breakpoints_setting.htm
title=Setting Breakpoints
type=xilhelp

[topic sedtq-view-breakpoint-deleteAll]
file=isehelp/ism_r_breakpoints_deleting.htm
title=Deleting Breakpoints
type=xilhelp

[topic sedtq-view-whitespaces]
file=isehelp/ite_c_p_view_formatting.htm
title=Showing Formatting Characters
type=xilhelp

[topic sedtq-view-lineEndings]
file=isehelp/ite_c_p_view_formatting.htm
title=Showing Formatting Characters
type=xilhelp

[topic sedtq-view-indentation]
file=isehelp/ite_c_p_view_formatting.htm
title=Showing Formatting Characters
type=xilhelp

[topic sedtq-view-longLine]
file=isehelp/ite_c_p_view_formatting.htm
title=Showing Formatting Characters
type=xilhelp

[topic sedtq-view-lineNumbers]
file=isehelp/ite_p_hiding_line_numbers.htm
title=Hiding Line Numbers
type=xilhelp


[topic sedtq-view-outline]
file=isehelp/ite_p_showing_hiding_text.htm
title=Showing and Hiding Text
type=xilhelp


[topic sedtq-view-browserback]
file=isehelp/ite_r_toolbar.htm
title=ISE Text Editor Toolbar
type=xilhelp


[topic sedtq-view-browserforward]
file=isehelp/ite_r_toolbar.htm
title=ISE Text Editor Toolbar
type=xilhelp



[topic sedtq-view-wordwrap]
file=isehelp/ite_p_wrapping_text.htm
title=Wrapping Text to the Window Size
type=xilhelp

[topic view-zoom-in]
file=isehelp/ite_c_p_zoom.htm
title=Zooming
type=xilhelp

[topic view-zoom-out]
file=isehelp/ite_c_p_zoom.htm
title=Zooming
type=xilhelp

[topic sedtq-view-zoom-reset]
file=isehelp/ite_c_p_zoom.htm
title=Zooming
type=xilhelp

[topic sedtq-view-split]
file=isehelp/ite_p_splitting_window.htm
title=Splitting a Window
type=xilhelp

[topic sedtq-view-breakpoint-toggle]
file=isehelp/ite_p_breakpoints_setting.htm
title=Setting Breakpoints
type=xilhelp

[topic sedtq-view-breakpoint-deleteAll]
file=isehelp/ite_p_breakpoints_deleting.htm
title=Deleting All Breakpoints
type=xilhelp

//Dialog boxes

[topic sedtq-goto-dlg]
file=isehelp/ite_db_edit_gotoline.htm
title=Go To Line Dialog Box
type=xilhelp

[topic sedtq-main-preference-page]
file=isehelp/ite_db_ite_preferences.htm
title=Preferences Dialog Box - ISE Text Editor Page
type=xilhelp

[topic sedtq-preference-page-keymap]
file=isehelp/ite_db_ite_preferences_keyboard.htm
title=Preferences Dialog Box - ISE Text Editor Keyboard Page
type=xilhelp

[topic find-in-files-dialog]
file=isehelp/ite_db_find_in_files.htm
title=Find in Files Dialog
type=xilhelp

#include plugin_pn.map

// RESERVED WORDS

[index topic_not_found]
file=isehelp/ite_c_overview.htm
title=ISE Text Editor Overview
type=xilhelp

[index UCF reserved words]
file=isehelp/ite_n_ucf_reserved_words.htm
title=UCF Reserved Words
type=xilhelp

[index reserved words]
file=isehelp/ite_r_vhdl_reserved_words.htm
title=VHDL Reserved Words
type=xilhelp
file=isehelp/ite_r_verilog_reserved_words.htm
title=Verilog Reserved Words
type=xilhelp
file=isehelp/ite_n_ucf_reserved_words.htm
title=UCF Reserved Words
type=xilhelp
file=isehelp/ite_r_tcl_reserved_words.htm
title=Tcl Reserved Words
type=xilhelp

[index VERILOG reserved words]
file=isehelp/ite_r_verilog_reserved_words.htm
title=Verilog Reserved Words
type=xilhelp

[index VHDL reserved words]
file=isehelp/ite_r_vhdl_reserved_words.htm
title=VHDL Reserved Words
type=xilhelp

[index TCL reserved words]
file=isehelp/ite_r_tcl_reserved_words.htm
title=Tcl Reserved Words [ISE Text Editor]
type=xilhelp

// VERILOG RESERVED WORDS

[index VERILOG-always]
file=isehelp/ite_r_verilog_reserved_words.htm
title=Verilog Reserved Words
type=xilhelp

[index VERILOG-assign]
file=isehelp/ite_r_verilog_reserved_words.htm
title=Verilog Reserved Words
type=xilhelp

[index VERILOG-automatic]
file=isehelp/ite_r_verilog_reserved_words.htm
title=Verilog Reserved Words
type=xilhelp

[index VERILOG-begin]
file=isehelp/ite_r_verilog_reserved_words.htm
title=Verilog Reserved Words
type=xilhelp

[index VERILOG-case]
file=isehelp/ite_r_verilog_reserved_words.htm
title=Verilog Reserved Words
type=xilhelp

[index VERILOG-casex]
file=isehelp/ite_r_verilog_reserved_words.htm
title=Verilog Reserved Words
type=xilhelp

[index VERILOG-casez]
file=isehelp/ite_r_verilog_reserved_words.htm
title=Verilog Reserved Words
type=xilhelp

[index VERILOG-cell]
file=isehelp/ite_r_verilog_reserved_words.htm
title=Verilog Reserved Words
type=xilhelp

[index VERILOG-config]
file=isehelp/ite_r_verilog_reserved_words.htm
title=Verilog Reserved Words
type=xilhelp

[index VERILOG-deassign]
file=isehelp/ite_r_verilog_reserved_words.htm
title=Verilog Reserved Words
type=xilhelp

[index VERILOG-default]
file=isehelp/ite_r_verilog_reserved_words.htm
title=Verilog Reserved Words
type=xilhelp

[index VERILOG-defparam]
file=isehelp/ite_r_verilog_reserved_words.htm
title=Verilog Reserved Words
type=xilhelp

[index VERILOG-design]
file=isehelp/ite_r_verilog_reserved_words.htm
title=Verilog Reserved Words
type=xilhelp

[index VERILOG-disable]
file=isehelp/ite_r_verilog_reserved_words.htm
title=Verilog Reserved Words
type=xilhelp

[index VERILOG-edge]
file=isehelp/ite_r_verilog_reserved_words.htm
title=Verilog Reserved Words
type=xilhelp

[index VERILOG-else]
file=isehelp/ite_r_verilog_reserved_words.htm
title=Verilog Reserved Words
type=xilhelp

[index VERILOG-end]
file=isehelp/ite_r_verilog_reserved_words.htm
title=Verilog Reserved Words
type=xilhelp

[index VERILOG-endcase]
file=isehelp/ite_r_verilog_reserved_words.htm
title=Verilog Reserved Words
type=xilhelp

[index VERILOG-endconfig]
file=isehelp/ite_r_verilog_reserved_words.htm
title=Verilog Reserved Words
type=xilhelp

[index VERILOG-endfunction]
file=isehelp/ite_r_verilog_reserved_words.htm
title=Verilog Reserved Words
type=xilhelp

[index VERILOG-endgenerate]
file=isehelp/ite_r_verilog_reserved_words.htm
title=Verilog Reserved Words
type=xilhelp

[index VERILOG-endmodule]
file=isehelp/ite_r_verilog_reserved_words.htm
title=Verilog Reserved Words
type=xilhelp

[index VERILOG-endprimitive]
file=isehelp/ite_r_verilog_reserved_words.htm
title=Verilog Reserved Words
type=xilhelp

[index VERILOG-endspecify]
file=isehelp/ite_r_verilog_reserved_words.htm
title=Verilog Reserved Words
type=xilhelp

[index VERILOG-endtable]
file=isehelp/ite_r_verilog_reserved_words.htm
title=Verilog Reserved Words
type=xilhelp

[index VERILOG-endtask]
file=isehelp/ite_r_verilog_reserved_words.htm
title=Verilog Reserved Words
type=xilhelp

[index VERILOG-event]
file=isehelp/ite_r_verilog_reserved_words.htm
title=Verilog Reserved Words
type=xilhelp

[index VERILOG-for]
file=isehelp/ite_r_verilog_reserved_words.htm
title=Verilog Reserved Words
type=xilhelp

[index VERILOG-force]
file=isehelp/ite_r_verilog_reserved_words.htm
title=Verilog Reserved Words
type=xilhelp

[index VERILOG-forever]
file=isehelp/ite_r_verilog_reserved_words.htm
title=Verilog Reserved Words
type=xilhelp

[index VERILOG-fork]
file=isehelp/ite_r_verilog_reserved_words.htm
title=Verilog Reserved Words
type=xilhelp

[index VERILOG-function]
file=isehelp/ite_r_verilog_reserved_words.htm
title=Verilog Reserved Words
type=xilhelp

[index VERILOG-generate]
file=isehelp/ite_r_verilog_reserved_words.htm
title=Verilog Reserved Words
type=xilhelp

[index VERILOG-genvar]
file=isehelp/ite_r_verilog_reserved_words.htm
title=Verilog Reserved Words
type=xilhelp

[index VERILOG-if]
file=isehelp/ite_r_verilog_reserved_words.htm
title=Verilog Reserved Words
type=xilhelp

[index VERILOG-ifnone]
file=isehelp/ite_r_verilog_reserved_words.htm
title=Verilog Reserved Words
type=xilhelp

[index VERILOG-incdir]
file=isehelp/ite_r_verilog_reserved_words.htm
title=Verilog Reserved Words
type=xilhelp

[index VERILOG-include]
file=isehelp/ite_r_verilog_reserved_words.htm
title=Verilog Reserved Words
type=xilhelp

[index VERILOG-initial]
file=isehelp/ite_r_verilog_reserved_words.htm
title=Verilog Reserved Words
type=xilhelp

[index VERILOG-inout]
file=isehelp/ite_r_verilog_reserved_words.htm
title=Verilog Reserved Words
type=xilhelp

[index VERILOG-input]
file=isehelp/ite_r_verilog_reserved_words.htm
title=Verilog Reserved Words
type=xilhelp

[index VERILOG-instance]
file=isehelp/ite_r_verilog_reserved_words.htm
title=Verilog Reserved Words
type=xilhelp

[index VERILOG-join]
file=isehelp/ite_r_verilog_reserved_words.htm
title=Verilog Reserved Words
type=xilhelp

[index VERILOG-liblist]
file=isehelp/ite_r_verilog_reserved_words.htm
title=Verilog Reserved Words
type=xilhelp

[index VERILOG-library]
file=isehelp/ite_r_verilog_reserved_words.htm
title=Verilog Reserved Words
type=xilhelp

[index VERILOG-localparam]
file=isehelp/ite_r_verilog_reserved_words.htm
title=Verilog Reserved Words
type=xilhelp

[index VERILOG-macromodule]
file=isehelp/ite_r_verilog_reserved_words.htm
title=Verilog Reserved Words
type=xilhelp

[index VERILOG-module]
file=isehelp/ite_r_verilog_reserved_words.htm
title=Verilog Reserved Words
type=xilhelp

[index VERILOG-negedge]
file=isehelp/ite_r_verilog_reserved_words.htm
title=Verilog Reserved Words
type=xilhelp

[index VERILOG-noshowcancelled]
file=isehelp/ite_r_verilog_reserved_words.htm
title=Verilog Reserved Words
type=xilhelp

[index VERILOG-output]
file=isehelp/ite_r_verilog_reserved_words.htm
title=Verilog Reserved Words
type=xilhelp

[index VERILOG-parameter]
file=isehelp/ite_r_verilog_reserved_words.htm
title=Verilog Reserved Words
type=xilhelp

[index VERILOG-posedge]
file=isehelp/ite_r_verilog_reserved_words.htm
title=Verilog Reserved Words
type=xilhelp

[index VERILOG-primitive]
file=isehelp/ite_r_verilog_reserved_words.htm
title=Verilog Reserved Words
type=xilhelp

[index VERILOG-pulsestyle_ondetect]
file=isehelp/ite_r_verilog_reserved_words.htm
title=Verilog Reserved Words
type=xilhelp

[index VERILOG-pulsestyle_onevent]
file=isehelp/ite_r_verilog_reserved_words.htm
title=Verilog Reserved Words
type=xilhelp

[index VERILOG-reg]
file=isehelp/ite_r_verilog_reserved_words.htm
title=Verilog Reserved Words
type=xilhelp

[index VERILOG-release]
file=isehelp/ite_r_verilog_reserved_words.htm
title=Verilog Reserved Words
type=xilhelp

[index VERILOG-repeat]
file=isehelp/ite_r_verilog_reserved_words.htm
title=Verilog Reserved Words
type=xilhelp

[index VERILOG-scalared]
file=isehelp/ite_r_verilog_reserved_words.htm
title=Verilog Reserved Words
type=xilhelp

[index VERILOG-showcancelled]
file=isehelp/ite_r_verilog_reserved_words.htm
title=Verilog Reserved Words
type=xilhelp

[index VERILOG-signed]
file=isehelp/ite_r_verilog_reserved_words.htm
title=Verilog Reserved Words
type=xilhelp

[index VERILOG-specify]
file=isehelp/ite_r_verilog_reserved_words.htm
title=Verilog Reserved Words
type=xilhelp

[index VERILOG-specparam]
file=isehelp/ite_r_verilog_reserved_words.htm
title=Verilog Reserved Words
type=xilhelp

[index VERILOG-strength]
file=isehelp/ite_r_verilog_reserved_words.htm
title=Verilog Reserved Words
type=xilhelp

[index VERILOG-table]
file=isehelp/ite_r_verilog_reserved_words.htm
title=Verilog Reserved Words
type=xilhelp

[index VERILOG-task]
file=isehelp/ite_r_verilog_reserved_words.htm
title=Verilog Reserved Words
type=xilhelp

[index VERILOG-tri]
file=isehelp/ite_r_verilog_reserved_words.htm
title=Verilog Reserved Words
type=xilhelp

[index VERILOG-tri0]
file=isehelp/ite_r_verilog_reserved_words.htm
title=Verilog Reserved Words
type=xilhelp

[index VERILOG-tri1]
file=isehelp/ite_r_verilog_reserved_words.htm
title=Verilog Reserved Words
type=xilhelp

[index VERILOG-triand]
file=isehelp/ite_r_verilog_reserved_words.htm
title=Verilog Reserved Words
type=xilhelp

[index VERILOG-trior]
file=isehelp/ite_r_verilog_reserved_words.htm
title=Verilog Reserved Words
type=xilhelp

[index VERILOG-trireg]
file=isehelp/ite_r_verilog_reserved_words.htm
title=Verilog Reserved Words
type=xilhelp

[index VERILOG-unsigned]
file=isehelp/ite_r_verilog_reserved_words.htm
title=Verilog Reserved Words
type=xilhelp

[index VERILOG-use]
file=isehelp/ite_r_verilog_reserved_words.htm
title=Verilog Reserved Words
type=xilhelp

[index VERILOG-vectored]
file=isehelp/ite_r_verilog_reserved_words.htm
title=Verilog Reserved Words
type=xilhelp

[index VERILOG-wait]
file=isehelp/ite_r_verilog_reserved_words.htm
title=Verilog Reserved Words
type=xilhelp

[index VERILOG-wand]
file=isehelp/ite_r_verilog_reserved_words.htm
title=Verilog Reserved Words
type=xilhelp

[index VERILOG-while]
file=isehelp/ite_r_verilog_reserved_words.htm
title=Verilog Reserved Words
type=xilhelp

[index VERILOG-wire]
file=isehelp/ite_r_verilog_reserved_words.htm
title=Verilog Reserved Words
type=xilhelp

[index VERILOG-wor]
file=isehelp/ite_r_verilog_reserved_words.htm
title=Verilog Reserved Words
type=xilhelp

// VHDL RESERVED WORDS

[index VHDL-abs]
file=isehelp/ite_r_vhdl_reserved_words.htm
title=VHDL Reserved Words
type=xilhelp

[index VHDL-access]
file=isehelp/ite_r_vhdl_reserved_words.htm
title=VHDL Reserved Words
type=xilhelp

[index VHDL-after]
file=isehelp/ite_r_vhdl_reserved_words.htm
title=VHDL Reserved Words
type=xilhelp

[index VHDL-alias]
file=isehelp/ite_r_vhdl_reserved_words.htm
title=VHDL Reserved Words
type=xilhelp

[index VHDL-all]
file=isehelp/ite_r_vhdl_reserved_words.htm
title=VHDL Reserved Words
type=xilhelp

[index VHDL-and]
file=isehelp/ite_r_vhdl_reserved_words.htm
title=VHDL Reserved Words
type=xilhelp

[index VHDL-architecture]
file=isehelp/ite_r_vhdl_reserved_words.htm
title=VHDL Reserved Words
type=xilhelp

[index VHDL-array]
file=isehelp/ite_r_vhdl_reserved_words.htm
title=VHDL Reserved Words
type=xilhelp

[index VHDL-assert]
file=isehelp/ite_r_vhdl_reserved_words.htm
title=VHDL Reserved Words
type=xilhelp

[index VHDL-attribute]
file=isehelp/ite_r_vhdl_reserved_words.htm
title=VHDL Reserved Words
type=xilhelp

[index VHDL-begin]
file=isehelp/ite_r_vhdl_reserved_words.htm
title=VHDL Reserved Words
type=xilhelp

[index VHDL-block]
file=isehelp/ite_r_vhdl_reserved_words.htm
title=VHDL Reserved Words
type=xilhelp

[index VHDL-body]
file=isehelp/ite_r_vhdl_reserved_words.htm
title=VHDL Reserved Words
type=xilhelp

[index VHDL-buffer]
file=isehelp/ite_r_vhdl_reserved_words.htm
title=VHDL Reserved Words
type=xilhelp

[index VHDL-bus]
file=isehelp/ite_r_vhdl_reserved_words.htm
title=VHDL Reserved Words
type=xilhelp

[index VHDL-case]
file=isehelp/ite_r_vhdl_reserved_words.htm
title=VHDL Reserved Words
type=xilhelp

[index VHDL-component]
file=isehelp/ite_r_vhdl_reserved_words.htm
title=VHDL Reserved Words
type=xilhelp

[index VHDL-configuration]
file=isehelp/ite_r_vhdl_reserved_words.htm
title=VHDL Reserved Words
type=xilhelp

[index VHDL-constant]
file=isehelp/ite_r_vhdl_reserved_words.htm
title=VHDL Reserved Words
type=xilhelp

[index VHDL-disconnect]
file=isehelp/ite_r_vhdl_reserved_words.htm
title=VHDL Reserved Words
type=xilhelp

[index VHDL-downto]
file=isehelp/ite_r_vhdl_reserved_words.htm
title=VHDL Reserved Words
type=xilhelp

[index VHDL-else]
file=isehelp/ite_r_vhdl_reserved_words.htm
title=VHDL Reserved Words
type=xilhelp

[index VHDL-elsif]
file=isehelp/ite_r_vhdl_reserved_words.htm
title=VHDL Reserved Words
type=xilhelp

[index VHDL-end]
file=isehelp/ite_r_vhdl_reserved_words.htm
title=VHDL Reserved Words
type=xilhelp

[index VHDL-entity]
file=isehelp/ite_r_vhdl_reserved_words.htm
title=VHDL Reserved Words
type=xilhelp

[index VHDL-exit]
file=isehelp/ite_r_vhdl_reserved_words.htm
title=VHDL Reserved Words
type=xilhelp

[index VHDL-file]
file=isehelp/ite_r_vhdl_reserved_words.htm
title=VHDL Reserved Words
type=xilhelp

[index VHDL-for]
file=isehelp/ite_r_vhdl_reserved_words.htm
title=VHDL Reserved Words
type=xilhelp

[index VHDL-function]
file=isehelp/ite_r_vhdl_reserved_words.htm
title=VHDL Reserved Words
type=xilhelp

[index VHDL-generate]
file=isehelp/ite_r_vhdl_reserved_words.htm
title=VHDL Reserved Words
type=xilhelp

[index VHDL-generic]
file=isehelp/ite_r_vhdl_reserved_words.htm
title=VHDL Reserved Words
type=xilhelp

[index VHDL-if]
file=isehelp/ite_r_vhdl_reserved_words.htm
title=VHDL Reserved Words
type=xilhelp

[index VHDL-impure]
file=isehelp/ite_r_vhdl_reserved_words.htm
title=VHDL Reserved Words
type=xilhelp

[index VHDL-in]
file=isehelp/ite_r_vhdl_reserved_words.htm
title=VHDL Reserved Words
type=xilhelp

[index VHDL-inertial]
file=isehelp/ite_r_vhdl_reserved_words.htm
title=VHDL Reserved Words
type=xilhelp

[index VHDL-inout]
file=isehelp/ite_r_vhdl_reserved_words.htm
title=VHDL Reserved Words
type=xilhelp

[index VHDL-is]
file=isehelp/ite_r_vhdl_reserved_words.htm
title=VHDL Reserved Words
type=xilhelp

[index VHDL-label]
file=isehelp/ite_r_vhdl_reserved_words.htm
title=VHDL Reserved Words
type=xilhelp

[index VHDL-library]
file=isehelp/ite_r_vhdl_reserved_words.htm
title=VHDL Reserved Words
type=xilhelp

[index VHDL-linkage]
file=isehelp/ite_r_vhdl_reserved_words.htm
title=VHDL Reserved Words
type=xilhelp

[index VHDL-literal]
file=isehelp/ite_r_vhdl_reserved_words.htm
title=VHDL Reserved Words
type=xilhelp

[index VHDL-loop]
file=isehelp/ite_r_vhdl_reserved_words.htm
title=VHDL Reserved Words
type=xilhelp

[index VHDL-map]
file=isehelp/ite_r_vhdl_reserved_words.htm
title=VHDL Reserved Words
type=xilhelp

[index VHDL-mod]
file=isehelp/ite_r_vhdl_reserved_words.htm
title=VHDL Reserved Words
type=xilhelp

[index VHDL-nand]
file=isehelp/ite_r_vhdl_reserved_words.htm
title=VHDL Reserved Words
type=xilhelp

[index VHDL-new]
file=isehelp/ite_r_vhdl_reserved_words.htm
title=VHDL Reserved Words
type=xilhelp

[index VHDL-next]
file=isehelp/ite_r_vhdl_reserved_words.htm
title=VHDL Reserved Words
type=xilhelp

[index VHDL-nor]
file=isehelp/ite_r_vhdl_reserved_words.htm
title=VHDL Reserved Words
type=xilhelp

[index VHDL-not]
file=isehelp/ite_r_vhdl_reserved_words.htm
title=VHDL Reserved Words
type=xilhelp

[index VHDL-null]
file=isehelp/ite_r_vhdl_reserved_words.htm
title=VHDL Reserved Words
type=xilhelp

[index VHDL-of]
file=isehelp/ite_r_vhdl_reserved_words.htm
title=VHDL Reserved Words
type=xilhelp

[index VHDL-on]
file=isehelp/ite_r_vhdl_reserved_words.htm
title=VHDL Reserved Words
type=xilhelp

[index VHDL-open]
file=isehelp/ite_r_vhdl_reserved_words.htm
title=VHDL Reserved Words
type=xilhelp

[index VHDL-or]
file=isehelp/ite_r_vhdl_reserved_words.htm
title=VHDL Reserved Words
type=xilhelp

[index VHDL-others]
file=isehelp/ite_r_vhdl_reserved_words.htm
title=VHDL Reserved Words
type=xilhelp

[index VHDL-out]
file=isehelp/ite_r_vhdl_reserved_words.htm
title=VHDL Reserved Words
type=xilhelp

[index VHDL-package]
file=isehelp/ite_r_vhdl_reserved_words.htm
title=VHDL Reserved Words
type=xilhelp

[index VHDL-port]
file=isehelp/ite_r_vhdl_reserved_words.htm
title=VHDL Reserved Words
type=xilhelp

[index VHDL-postponed]
file=isehelp/ite_r_vhdl_reserved_words.htm
title=VHDL Reserved Words
type=xilhelp

[index VHDL-procedure]
file=isehelp/ite_r_vhdl_reserved_words.htm
title=VHDL Reserved Words
type=xilhelp

[index VHDL-pure]
file=isehelp/ite_r_vhdl_reserved_words.htm
title=VHDL Reserved Words
type=xilhelp

[index VHDL-range]
file=isehelp/ite_r_vhdl_reserved_words.htm
title=VHDL Reserved Words
type=xilhelp

[index VHDL-record]
file=isehelp/ite_r_vhdl_reserved_words.htm
title=VHDL Reserved Words
type=xilhelp

[index VHDL-register]
file=isehelp/ite_r_vhdl_reserved_words.htm
title=VHDL Reserved Words
type=xilhelp

[index VHDL-reject]
file=isehelp/ite_r_vhdl_reserved_words.htm
title=VHDL Reserved Words
type=xilhelp

[index VHDL-rem]
file=isehelp/ite_r_vhdl_reserved_words.htm
title=VHDL Reserved Words
type=xilhelp

[index VHDL-report]
file=isehelp/ite_r_vhdl_reserved_words.htm
title=VHDL Reserved Words
type=xilhelp

[index VHDL-return]
file=isehelp/ite_r_vhdl_reserved_words.htm
title=VHDL Reserved Words
type=xilhelp

[index VHDL-rol]
file=isehelp/ite_r_vhdl_reserved_words.htm
title=VHDL Reserved Words
type=xilhelp

[index VHDL-ror]
file=isehelp/ite_r_vhdl_reserved_words.htm
title=VHDL Reserved Words
type=xilhelp

[index VHDL-select]
file=isehelp/ite_r_vhdl_reserved_words.htm
title=VHDL Reserved Words
type=xilhelp

[index VHDL-severity]
file=isehelp/ite_r_vhdl_reserved_words.htm
title=VHDL Reserved Words
type=xilhelp

[index VHDL-shared]
file=isehelp/ite_r_vhdl_reserved_words.htm
title=VHDL Reserved Words
type=xilhelp

[index VHDL-signal]
file=isehelp/ite_r_vhdl_reserved_words.htm
title=VHDL Reserved Words
type=xilhelp

[index VHDL-sla]
file=isehelp/ite_r_vhdl_reserved_words.htm
title=VHDL Reserved Words
type=xilhelp

[index VHDL-sll]
file=isehelp/ite_r_vhdl_reserved_words.htm
title=VHDL Reserved Words
type=xilhelp

[index VHDL-sra]
file=isehelp/ite_r_vhdl_reserved_words.htm
title=VHDL Reserved Words
type=xilhelp

[index VHDL-srl]
file=isehelp/ite_r_vhdl_reserved_words.htm
title=VHDL Reserved Words
type=xilhelp

[index VHDL-subtype]
file=isehelp/ite_r_vhdl_reserved_words.htm
title=VHDL Reserved Words
type=xilhelp

[index VHDL-then]
file=isehelp/ite_r_vhdl_reserved_words.htm
title=VHDL Reserved Words
type=xilhelp

[index VHDL-to]
file=isehelp/ite_r_vhdl_reserved_words.htm
title=VHDL Reserved Words
type=xilhelp

[index VHDL-transport]
file=isehelp/ite_r_vhdl_reserved_words.htm
title=VHDL Reserved Words
type=xilhelp

[index VHDL-type]
file=isehelp/ite_r_vhdl_reserved_words.htm
title=VHDL Reserved Words
type=xilhelp

[index VHDL-unaffected]
file=isehelp/ite_r_vhdl_reserved_words.htm
title=VHDL Reserved Words
type=xilhelp

[index VHDL-units]
file=isehelp/ite_r_vhdl_reserved_words.htm
title=VHDL Reserved Words
type=xilhelp

[index VHDL-until]
file=isehelp/ite_r_vhdl_reserved_words.htm
title=VHDL Reserved Words
type=xilhelp

[index VHDL-use]
file=isehelp/ite_r_vhdl_reserved_words.htm
title=VHDL Reserved Words
type=xilhelp

[index VHDL-variable]
file=isehelp/ite_r_vhdl_reserved_words.htm
title=VHDL Reserved Words
type=xilhelp

[index VHDL-wait]
file=isehelp/ite_r_vhdl_reserved_words.htm
title=VHDL Reserved Words
type=xilhelp

[index VHDL-when]
file=isehelp/ite_r_vhdl_reserved_words.htm
title=VHDL Reserved Words
type=xilhelp

[index VHDL-while]
file=isehelp/ite_r_vhdl_reserved_words.htm
title=VHDL Reserved Words
type=xilhelp

[index VHDL-with]
file=isehelp/ite_r_vhdl_reserved_words.htm
title=VHDL Reserved Words
type=xilhelp

[index VHDL-xnor]
file=isehelp/ite_r_vhdl_reserved_words.htm
title=VHDL Reserved Words
type=xilhelp

[index VHDL-xor]
file=isehelp/ite_r_vhdl_reserved_words.htm
title=VHDL Reserved Words
type=xilhelp

// UCF RESERVED WORDS

[index UCF-add]
file=isehelp/ite_n_ucf_reserved_words.htm
title=UCF Reserved Words
type=xilhelp

[index UCF-align_comma_msb]
file=isehelp/ite_n_ucf_reserved_words.htm
title=UCF Reserved Words
type=xilhelp

[index UCF-alu]
file=isehelp/ite_n_ucf_reserved_words.htm
title=UCF Reserved Words
type=xilhelp

[index UCF-anno_timestamp]
file=isehelp/ite_n_ucf_reserved_words.htm
title=UCF Reserved Words
type=xilhelp

[index UCF-anno_version]
file=isehelp/ite_n_ucf_reserved_words.htm
title=UCF Reserved Words
type=xilhelp

[index UCF-area_group]
file=isehelp/ite_n_ucf_reserved_words.htm
title=UCF Reserved Words
type=xilhelp

[index UCF-area_group=scope]
file=isehelp/ite_n_ucf_reserved_words.htm
title=UCF Reserved Words
type=xilhelp

[index UCF-async_count]
file=isehelp/ite_n_ucf_reserved_words.htm
title=UCF Reserved Words
type=xilhelp

[index UCF-async_reg]
file=isehelp/ite_n_ucf_reserved_words.htm
title=UCF Reserved Words
type=xilhelp

[index UCF-async_val]
file=isehelp/ite_n_ucf_reserved_words.htm
title=UCF Reserved Words
type=xilhelp

[index UCF-base]
file=isehelp/ite_n_ucf_reserved_words.htm
title=UCF Reserved Words
type=xilhelp

[index UCF-bel]
file=isehelp/ite_n_ucf_reserved_words.htm
title=UCF Reserved Words
type=xilhelp

[index UCF-blknm]
file=isehelp/ite_n_ucf_reserved_words.htm
title=UCF Reserved Words
type=xilhelp

[index UCF-blocknet]
file=isehelp/ite_n_ucf_reserved_words.htm
title=UCF Reserved Words
type=xilhelp

[index UCF-boundary_crossing]
file=isehelp/ite_n_ucf_reserved_words.htm
title=UCF Reserved Words
type=xilhelp

[index UCF-bsreadback]
file=isehelp/ite_n_ucf_reserved_words.htm
title=UCF Reserved Words
type=xilhelp

[index UCF-bsreconfig]
file=isehelp/ite_n_ucf_reserved_words.htm
title=UCF Reserved Words
type=xilhelp

[index UCF-bufg]
file=isehelp/ite_n_ucf_reserved_words.htm
title=UCF Reserved Words
type=xilhelp

[index UCF-build_targetarch]
file=isehelp/ite_n_ucf_reserved_words.htm
title=UCF Reserved Words
type=xilhelp

[index UCF-build_timestamp]
file=isehelp/ite_n_ucf_reserved_words.htm
title=UCF Reserved Words
type=xilhelp

[index UCF-build_version]
file=isehelp/ite_n_ucf_reserved_words.htm
title=UCF Reserved Words
type=xilhelp

[index UCF-bus_width]
file=isehelp/ite_n_ucf_reserved_words.htm
title=UCF Reserved Words
type=xilhelp

[index UCF-cae_vendor]
file=isehelp/ite_n_ucf_reserved_words.htm
title=UCF Reserved Words
type=xilhelp

[index UCF-chan_bond_limit]
file=isehelp/ite_n_ucf_reserved_words.htm
title=UCF Reserved Words
type=xilhelp

[index UCF-chan_bond_mode]
file=isehelp/ite_n_ucf_reserved_words.htm
title=UCF Reserved Words
type=xilhelp

[index UCF-chan_bond_offset]
file=isehelp/ite_n_ucf_reserved_words.htm
title=UCF Reserved Words
type=xilhelp

[index UCF-chan_bond_one_shot]
file=isehelp/ite_n_ucf_reserved_words.htm
title=UCF Reserved Words
type=xilhelp

[index UCF-chan_bond_seq_1_1]
file=isehelp/ite_n_ucf_reserved_words.htm
title=UCF Reserved Words
type=xilhelp

[index UCF-chan_bond_seq_1_2]
file=isehelp/ite_n_ucf_reserved_words.htm
title=UCF Reserved Words
type=xilhelp

[index UCF-chan_bond_seq_1_3]
file=isehelp/ite_n_ucf_reserved_words.htm
title=UCF Reserved Words
type=xilhelp

[index UCF-chan_bond_seq_1_4]
file=isehelp/ite_n_ucf_reserved_words.htm
title=UCF Reserved Words
type=xilhelp

[index UCF-chan_bond_seq_2_1]
file=isehelp/ite_n_ucf_reserved_words.htm
title=UCF Reserved Words
type=xilhelp

[index UCF-chan_bond_seq_2_2]
file=isehelp/ite_n_ucf_reserved_words.htm
title=UCF Reserved Words
type=xilhelp

[index UCF-chan_bond_seq_2_3]
file=isehelp/ite_n_ucf_reserved_words.htm
title=UCF Reserved Words
type=xilhelp

[index UCF-chan_bond_seq_2_4]
file=isehelp/ite_n_ucf_reserved_words.htm
title=UCF Reserved Words
type=xilhelp

[index UCF-chan_bond_seq_2_use]
file=isehelp/ite_n_ucf_reserved_words.htm
title=UCF Reserved Words
type=xilhelp

[index UCF-chan_bond_seq_len]
file=isehelp/ite_n_ucf_reserved_words.htm
title=UCF Reserved Words
type=xilhelp

[index UCF-chan_bond_wait]
file=isehelp/ite_n_ucf_reserved_words.htm
title=UCF Reserved Words
type=xilhelp

[index UCF-clkdv_divide]
file=isehelp/ite_n_ucf_reserved_words.htm
title=UCF Reserved Words
type=xilhelp

[index UCF-clkfx_divide]
file=isehelp/ite_n_ucf_reserved_words.htm
title=UCF Reserved Words
type=xilhelp

[index UCF-clkfx_multiply]
file=isehelp/ite_n_ucf_reserved_words.htm
title=UCF Reserved Words
type=xilhelp

[index UCF-clkin_divide]
file=isehelp/ite_n_ucf_reserved_words.htm
title=UCF Reserved Words
type=xilhelp

[index UCF-clkin_divide_by_2]
file=isehelp/ite_n_ucf_reserved_words.htm
title=UCF Reserved Words
type=xilhelp

[index UCF-clkin_period]
file=isehelp/ite_n_ucf_reserved_words.htm
title=UCF Reserved Words
type=xilhelp

[index UCF-clkout_divide]
file=isehelp/ite_n_ucf_reserved_words.htm
title=UCF Reserved Words
type=xilhelp

[index UCF-clkout_phase_shift]
file=isehelp/ite_n_ucf_reserved_words.htm
title=UCF Reserved Words
type=xilhelp

[index UCF-clkpri]
file=isehelp/ite_n_ucf_reserved_words.htm
title=UCF Reserved Words
type=xilhelp

[index UCF-clk_correct_use]
file=isehelp/ite_n_ucf_reserved_words.htm
title=UCF Reserved Words
type=xilhelp

[index UCF-clk_cor_insert_idle_flag]
file=isehelp/ite_n_ucf_reserved_words.htm
title=UCF Reserved Words
type=xilhelp

[index UCF-clk_cor_keep_idle]
file=isehelp/ite_n_ucf_reserved_words.htm
title=UCF Reserved Words
type=xilhelp

[index UCF-clk_cor_repeat_wait]
file=isehelp/ite_n_ucf_reserved_words.htm
title=UCF Reserved Words
type=xilhelp

[index UCF-clk_cor_seq_1_1]
file=isehelp/ite_n_ucf_reserved_words.htm
title=UCF Reserved Words
type=xilhelp

[index UCF-clk_cor_seq_1_2]
file=isehelp/ite_n_ucf_reserved_words.htm
title=UCF Reserved Words
type=xilhelp

[index UCF-clk_cor_seq_1_3]
file=isehelp/ite_n_ucf_reserved_words.htm
title=UCF Reserved Words
type=xilhelp

[index UCF-clk_cor_seq_1_4]
file=isehelp/ite_n_ucf_reserved_words.htm
title=UCF Reserved Words
type=xilhelp

[index UCF-clk_cor_seq_2_1]
file=isehelp/ite_n_ucf_reserved_words.htm
title=UCF Reserved Words
type=xilhelp

[index UCF-clk_cor_seq_2_2]
file=isehelp/ite_n_ucf_reserved_words.htm
title=UCF Reserved Words
type=xilhelp

[index UCF-clk_cor_seq_2_3]
file=isehelp/ite_n_ucf_reserved_words.htm
title=UCF Reserved Words
type=xilhelp

[index UCF-clk_cor_seq_2_4]
file=isehelp/ite_n_ucf_reserved_words.htm
title=UCF Reserved Words
type=xilhelp

[index UCF-clk_cor_seq_2_use]
file=isehelp/ite_n_ucf_reserved_words.htm
title=UCF Reserved Words
type=xilhelp

[index UCF-clk_cor_seq_len]
file=isehelp/ite_n_ucf_reserved_words.htm
title=UCF Reserved Words
type=xilhelp

[index UCF-clk_feedback]
file=isehelp/ite_n_ucf_reserved_words.htm
title=UCF Reserved Words
type=xilhelp

[index UCF-clock_opt]
file=isehelp/ite_n_ucf_reserved_words.htm
title=UCF Reserved Words
type=xilhelp

[index UCF-clock_out]
file=isehelp/ite_n_ucf_reserved_words.htm
title=UCF Reserved Words
type=xilhelp

[index UCF-collapse]
file=isehelp/ite_n_ucf_reserved_words.htm
title=UCF Reserved Words
type=xilhelp

[index UCF-comma_10b_mask]
file=isehelp/ite_n_ucf_reserved_words.htm
title=UCF Reserved Words
type=xilhelp

[index UCF-comp]
file=isehelp/ite_n_ucf_reserved_words.htm
title=UCF Reserved Words
type=xilhelp

[topic UCF-compgrp]
file=isehelp/ite_n_ucf_reserved_words.htm
title=UCF Reserved Words [ISE Text Editor]
type=xilhelp

[index UCF-compression]
file=isehelp/ite_n_ucf_reserved_words.htm
title=UCF Reserved Words
type=xilhelp

[index UCF-config]
file=isehelp/ite_n_ucf_reserved_words.htm
title=UCF Reserved Words
type=xilhelp

[topic UCF-config_mode]
file=isehelp/ite_n_ucf_reserved_words.htm
title=UCF Reserved Words [ISE Text Editor]
type=xilhelp

[index UCF-config=scope]
file=isehelp/ite_n_ucf_reserved_words.htm
title=UCF Reserved Words
type=xilhelp

[index UCF-configcarry]
file=isehelp/ite_n_ucf_reserved_words.htm
title=UCF Reserved Words
type=xilhelp

[index UCF-configrate]
file=isehelp/ite_n_ucf_reserved_words.htm
title=UCF Reserved Words
type=xilhelp

[index UCF-cool_clk]
file=isehelp/ite_n_ucf_reserved_words.htm
title=UCF Reserved Words
type=xilhelp

[index UCF-core_copyright]
file=isehelp/ite_n_ucf_reserved_words.htm
title=UCF Reserved Words
type=xilhelp

[index UCF-core_license]
file=isehelp/ite_n_ucf_reserved_words.htm
title=UCF Reserved Words
type=xilhelp

[index UCF-core_lut_constraint]
file=isehelp/ite_n_ucf_reserved_words.htm
title=UCF Reserved Words
type=xilhelp

[index UCF-count_to]
file=isehelp/ite_n_ucf_reserved_words.htm
title=UCF Reserved Words
type=xilhelp

[index UCF-crc]
file=isehelp/ite_n_ucf_reserved_words.htm
title=UCF Reserved Words
type=xilhelp

[index UCF-crc_end_of_pkt]
file=isehelp/ite_n_ucf_reserved_words.htm
title=UCF Reserved Words
type=xilhelp

[index UCF-crc_format]
file=isehelp/ite_n_ucf_reserved_words.htm
title=UCF Reserved Words
type=xilhelp

[index UCF-crc_start_of_pkt]
file=isehelp/ite_n_ucf_reserved_words.htm
title=UCF Reserved Words
type=xilhelp

[index UCF-create_timestamp]
file=isehelp/ite_n_ucf_reserved_words.htm
title=UCF Reserved Words
type=xilhelp

[index UCF-critical]
file=isehelp/ite_n_ucf_reserved_words.htm
title=UCF Reserved Words
type=xilhelp

[index UCF-cymode]
file=isehelp/ite_n_ucf_reserved_words.htm
title=UCF Reserved Words
type=xilhelp

[index UCF-c_value]
file=isehelp/ite_n_ucf_reserved_words.htm
title=UCF Reserved Words
type=xilhelp

[index UCF-data_gate]
file=isehelp/ite_n_ucf_reserved_words.htm
title=UCF Reserved Words
type=xilhelp

[index UCF-dci_value]
file=isehelp/ite_n_ucf_reserved_words.htm
title=UCF Reserved Words
type=xilhelp

[index UCF-decode]
file=isehelp/ite_n_ucf_reserved_words.htm
title=UCF Reserved Words
type=xilhelp

[index UCF-decodemask]
file=isehelp/ite_n_ucf_reserved_words.htm
title=UCF Reserved Words
type=xilhelp

[index UCF-dec_mcomma_detect]
file=isehelp/ite_n_ucf_reserved_words.htm
title=UCF Reserved Words
type=xilhelp

[index UCF-dec_pcomma_detect]
file=isehelp/ite_n_ucf_reserved_words.htm
title=UCF Reserved Words
type=xilhelp

[index UCF-dec_valid_comma_only]
file=isehelp/ite_n_ucf_reserved_words.htm
title=UCF Reserved Words
type=xilhelp

[index UCF-def]
file=isehelp/ite_n_ucf_reserved_words.htm
title=UCF Reserved Words
type=xilhelp

[index UCF-delay]
file=isehelp/ite_n_ucf_reserved_words.htm
title=UCF Reserved Words
type=xilhelp

[index UCF-delaymode]
file=isehelp/ite_n_ucf_reserved_words.htm
title=UCF Reserved Words
type=xilhelp

[index UCF-depth]
file=isehelp/ite_n_ucf_reserved_words.htm
title=UCF Reserved Words
type=xilhelp

[index UCF-dfs_frequency_mode]
file=isehelp/ite_n_ucf_reserved_words.htm
title=UCF Reserved Words
type=xilhelp

[index UCF-disable]
file=isehelp/ite_n_ucf_reserved_words.htm
title=UCF Reserved Words
type=xilhelp

[index UCF-disable=scope]
file=isehelp/ite_n_ucf_reserved_words.htm
title=UCF Reserved Words
type=xilhelp

[index UCF-divide1_by]
file=isehelp/ite_n_ucf_reserved_words.htm
title=UCF Reserved Words
type=xilhelp

[index UCF-divide2_by]
file=isehelp/ite_n_ucf_reserved_words.htm
title=UCF Reserved Words
type=xilhelp

[index UCF-divide]
file=isehelp/ite_n_ucf_reserved_words.htm
title=UCF Reserved Words
type=xilhelp

[index UCF-divider_delay]
file=isehelp/ite_n_ucf_reserved_words.htm
title=UCF Reserved Words
type=xilhelp

[index UCF-divide_by]
file=isehelp/ite_n_ucf_reserved_words.htm
title=UCF Reserved Words
type=xilhelp

[index UCF-dll_frequency_mode]
file=isehelp/ite_n_ucf_reserved_words.htm
title=UCF Reserved Words
type=xilhelp

[index UCF-doneactive]
file=isehelp/ite_n_ucf_reserved_words.htm
title=UCF Reserved Words
type=xilhelp

[index UCF-donepin]
file=isehelp/ite_n_ucf_reserved_words.htm
title=UCF Reserved Words
type=xilhelp

[index UCF-double]
file=isehelp/ite_n_ucf_reserved_words.htm
title=UCF Reserved Words
type=xilhelp

[index UCF-drive]
file=isehelp/ite_n_ucf_reserved_words.htm
title=UCF Reserved Words
type=xilhelp

[index UCF-drop_spec]
file=isehelp/ite_n_ucf_reserved_words.htm
title=UCF Reserved Words
type=xilhelp

[index UCF-dss_mode]
file=isehelp/ite_n_ucf_reserved_words.htm
title=UCF Reserved Words
type=xilhelp

[index UCF-dual_edge]
file=isehelp/ite_n_ucf_reserved_words.htm
title=UCF Reserved Words
type=xilhelp

[index UCF-duty_cycle]
file=isehelp/ite_n_ucf_reserved_words.htm
title=UCF Reserved Words
type=xilhelp

[index UCF-duty_cycle_correction]
file=isehelp/ite_n_ucf_reserved_words.htm
title=UCF Reserved Words
type=xilhelp

[index UCF-d_invert]
file=isehelp/ite_n_ucf_reserved_words.htm
title=UCF Reserved Words
type=xilhelp

[index UCF-drive]
file=isehelp/ite_n_ucf_reserved_words.htm
title=UCF Reserved Words
type=xilhelp

[index UCF-enable]
file=isehelp/ite_n_ucf_reserved_words.htm
title=UCF Reserved Words
type=xilhelp

[index UCF-enable=scope]
file=isehelp/ite_n_ucf_reserved_words.htm
title=UCF Reserved Words
type=xilhelp

[index UCF-encoding]
file=isehelp/ite_n_ucf_reserved_words.htm
title=UCF Reserved Words
type=xilhelp

[index UCF-eqn]
file=isehelp/ite_n_ucf_reserved_words.htm
title=UCF Reserved Words
type=xilhelp

[index UCF-equate]
file=isehelp/ite_n_ucf_reserved_words.htm
title=UCF Reserved Words
type=xilhelp

[index UCF-export]
file=isehelp/ite_n_ucf_reserved_words.htm
title=UCF Reserved Words
type=xilhelp

[index UCF-factory_jf]
file=isehelp/ite_n_ucf_reserved_words.htm
title=UCF Reserved Words
type=xilhelp

[index UCF-false=literal]
file=isehelp/ite_n_ucf_reserved_words.htm
title=UCF Reserved Words
type=xilhelp

[index UCF-fast]
file=isehelp/ite_n_ucf_reserved_words.htm
title=UCF Reserved Words
type=xilhelp

[index UCF-fbkinv]
file=isehelp/ite_n_ucf_reserved_words.htm
title=UCF Reserved Words
type=xilhelp

[topic UCF-feedback]
file=isehelp/ite_n_ucf_reserved_words.htm
title=UCF Reserved Words [ISE Text Editor]
type=xilhelp

[index UCF-file]
file=isehelp/ite_n_ucf_reserved_words.htm
title=UCF Reserved Words
type=xilhelp

[topic UCF-float]
file=isehelp/ite_n_ucf_reserved_words.htm
title=UCF Reserved Words [ISE Text Editor]
type=xilhelp

[index UCF-float_val]
file=isehelp/ite_n_ucf_reserved_words.htm
title=UCF Reserved Words
type=xilhelp

[index UCF-foe_opt]
file=isehelp/ite_n_ucf_reserved_words.htm
title=UCF Reserved Words
type=xilhelp

[index UCF-from-thru-to]
file=isehelp/ite_n_ucf_reserved_words.htm
title=UCF Reserved Words
type=xilhelp

[index UCF-from-to]
file=isehelp/ite_n_ucf_reserved_words.htm
title=UCF Reserved Words
type=xilhelp

[index UCF-from-to-thru]
file=isehelp/ite_n_ucf_reserved_words.htm
title=UCF Reserved Words
type=xilhelp

[index UCF-gsrinactive]
file=isehelp/ite_n_ucf_reserved_words.htm
title=UCF Reserved Words
type=xilhelp

[index UCF-hardmacro]
file=isehelp/ite_n_ucf_reserved_words.htm
title=UCF Reserved Words
type=xilhelp

[index UCF-hblknm]
file=isehelp/ite_n_ucf_reserved_words.htm
title=UCF Reserved Words
type=xilhelp

[index UCF-high_frequency]
file=isehelp/ite_n_ucf_reserved_words.htm
title=UCF Reserved Words
type=xilhelp

[index UCF-hold]
file=isehelp/ite_n_ucf_reserved_words.htm
title=UCF Reserved Words
type=xilhelp

[index UCF-hu_set]
file=isehelp/ite_n_ucf_reserved_words.htm
title=UCF Reserved Words
type=xilhelp

[index UCF-h_set]
file=isehelp/ite_n_ucf_reserved_words.htm
title=UCF Reserved Words
type=xilhelp

[index UCF-ibuf]
file=isehelp/ite_n_ucf_reserved_words.htm
title=UCF Reserved Words
type=xilhelp

[topic UCF-ibuf_delay_value]
file=isehelp/ite_n_ucf_reserved_words.htm

[index UCF-ibuflevel]
file=isehelp/ite_n_ucf_reserved_words.htm
title=UCF Reserved Words
type=xilhelp

[topic UCF-ifd_delay_value]
file=isehelp/ite_n_ucf_reserved_words.htm

[index UCF-init]
file=isehelp/ite_n_ucf_reserved_words.htm
title=UCF Reserved Words
type=xilhelp

[index UCF-initp_00]
file=isehelp/ite_n_ucf_reserved_words.htm
title=UCF Reserved Words
type=xilhelp

[index UCF-initp_01]
file=isehelp/ite_n_ucf_reserved_words.htm
title=UCF Reserved Words
type=xilhelp

[index UCF-initp_02]
file=isehelp/ite_n_ucf_reserved_words.htm
title=UCF Reserved Words
type=xilhelp

[index UCF-initp_03]
file=isehelp/ite_n_ucf_reserved_words.htm
title=UCF Reserved Words
type=xilhelp

[index UCF-initp_04]
file=isehelp/ite_n_ucf_reserved_words.htm
title=UCF Reserved Words
type=xilhelp

[index UCF-initp_05]
file=isehelp/ite_n_ucf_reserved_words.htm
title=UCF Reserved Words
type=xilhelp

[index UCF-initp_06]
file=isehelp/ite_n_ucf_reserved_words.htm
title=UCF Reserved Words
type=xilhelp

[index UCF-initp_07]
file=isehelp/ite_n_ucf_reserved_words.htm
title=UCF Reserved Words
type=xilhelp

[index UCF-initp_xx]
file=isehelp/ite_n_ucf_reserved_words.htm
title=UCF Reserved Words
type=xilhelp

[index UCF-initstate]
file=isehelp/ite_n_ucf_reserved_words.htm
title=UCF Reserved Words
type=xilhelp

[index UCF-init_00]
file=isehelp/ite_n_ucf_reserved_words.htm
title=UCF Reserved Words
type=xilhelp

[index UCF-init_01]
file=isehelp/ite_n_ucf_reserved_words.htm
title=UCF Reserved Words
type=xilhelp

[index UCF-init_02]
file=isehelp/ite_n_ucf_reserved_words.htm
title=UCF Reserved Words
type=xilhelp

[index UCF-init_03]
file=isehelp/ite_n_ucf_reserved_words.htm
title=UCF Reserved Words
type=xilhelp

[index UCF-init_04]
file=isehelp/ite_n_ucf_reserved_words.htm
title=UCF Reserved Words
type=xilhelp

[index UCF-init_05]
file=isehelp/ite_n_ucf_reserved_words.htm
title=UCF Reserved Words
type=xilhelp

[index UCF-init_06]
file=isehelp/ite_n_ucf_reserved_words.htm
title=UCF Reserved Words
type=xilhelp

[index UCF-init_07]
file=isehelp/ite_n_ucf_reserved_words.htm
title=UCF Reserved Words
type=xilhelp

[index UCF-init_08]
file=isehelp/ite_n_ucf_reserved_words.htm
title=UCF Reserved Words
type=xilhelp

[index UCF-init_09]
file=isehelp/ite_n_ucf_reserved_words.htm
title=UCF Reserved Words
type=xilhelp

[index UCF-init_0a]
file=isehelp/ite_n_ucf_reserved_words.htm
title=UCF Reserved Words
type=xilhelp

[index UCF-init_0b]
file=isehelp/ite_n_ucf_reserved_words.htm
title=UCF Reserved Words
type=xilhelp

[index UCF-init_0c]
file=isehelp/ite_n_ucf_reserved_words.htm
title=UCF Reserved Words
type=xilhelp

[index UCF-init_0d]
file=isehelp/ite_n_ucf_reserved_words.htm
title=UCF Reserved Words
type=xilhelp

[index UCF-init_0e]
file=isehelp/ite_n_ucf_reserved_words.htm
title=UCF Reserved Words
type=xilhelp

[index UCF-init_0f]
file=isehelp/ite_n_ucf_reserved_words.htm
title=UCF Reserved Words
type=xilhelp

[index UCF-init_10]
file=isehelp/ite_n_ucf_reserved_words.htm
title=UCF Reserved Words
type=xilhelp

[index UCF-init_11]
file=isehelp/ite_n_ucf_reserved_words.htm
title=UCF Reserved Words
type=xilhelp

[index UCF-init_12]
file=isehelp/ite_n_ucf_reserved_words.htm
title=UCF Reserved Words
type=xilhelp

[index UCF-init_13]
file=isehelp/ite_n_ucf_reserved_words.htm
title=UCF Reserved Words
type=xilhelp

[index UCF-init_14]
file=isehelp/ite_n_ucf_reserved_words.htm
title=UCF Reserved Words
type=xilhelp

[index UCF-init_15]
file=isehelp/ite_n_ucf_reserved_words.htm
title=UCF Reserved Words
type=xilhelp

[index UCF-init_16]
file=isehelp/ite_n_ucf_reserved_words.htm
title=UCF Reserved Words
type=xilhelp

[index UCF-init_17]
file=isehelp/ite_n_ucf_reserved_words.htm
title=UCF Reserved Words
type=xilhelp

[index UCF-init_18]
file=isehelp/ite_n_ucf_reserved_words.htm
title=UCF Reserved Words
type=xilhelp

[index UCF-init_19]
file=isehelp/ite_n_ucf_reserved_words.htm
title=UCF Reserved Words
type=xilhelp

[index UCF-init_1a]
file=isehelp/ite_n_ucf_reserved_words.htm
title=UCF Reserved Words
type=xilhelp

[index UCF-init_1b]
file=isehelp/ite_n_ucf_reserved_words.htm
title=UCF Reserved Words
type=xilhelp

[index UCF-init_1c]
file=isehelp/ite_n_ucf_reserved_words.htm
title=UCF Reserved Words
type=xilhelp

[index UCF-init_1d]
file=isehelp/ite_n_ucf_reserved_words.htm
title=UCF Reserved Words
type=xilhelp

[index UCF-init_1e]
file=isehelp/ite_n_ucf_reserved_words.htm
title=UCF Reserved Words
type=xilhelp

[index UCF-init_1f]
file=isehelp/ite_n_ucf_reserved_words.htm
title=UCF Reserved Words
type=xilhelp

[index UCF-init_20]
file=isehelp/ite_n_ucf_reserved_words.htm
title=UCF Reserved Words
type=xilhelp

[index UCF-init_21]
file=isehelp/ite_n_ucf_reserved_words.htm
title=UCF Reserved Words
type=xilhelp

[index UCF-init_22]
file=isehelp/ite_n_ucf_reserved_words.htm
title=UCF Reserved Words
type=xilhelp

[index UCF-init_23]
file=isehelp/ite_n_ucf_reserved_words.htm
title=UCF Reserved Words
type=xilhelp

[index UCF-init_24]
file=isehelp/ite_n_ucf_reserved_words.htm
title=UCF Reserved Words
type=xilhelp

[index UCF-init_25]
file=isehelp/ite_n_ucf_reserved_words.htm
title=UCF Reserved Words
type=xilhelp

[index UCF-init_26]
file=isehelp/ite_n_ucf_reserved_words.htm
title=UCF Reserved Words
type=xilhelp

[index UCF-init_27]
file=isehelp/ite_n_ucf_reserved_words.htm
title=UCF Reserved Words
type=xilhelp

[index UCF-init_28]
file=isehelp/ite_n_ucf_reserved_words.htm
title=UCF Reserved Words
type=xilhelp

[index UCF-init_29]
file=isehelp/ite_n_ucf_reserved_words.htm
title=UCF Reserved Words
type=xilhelp

[index UCF-init_2a]
file=isehelp/ite_n_ucf_reserved_words.htm
title=UCF Reserved Words
type=xilhelp

[index UCF-init_2b]
file=isehelp/ite_n_ucf_reserved_words.htm
title=UCF Reserved Words
type=xilhelp

[index UCF-init_2c]
file=isehelp/ite_n_ucf_reserved_words.htm
title=UCF Reserved Words
type=xilhelp

[index UCF-init_2d]
file=isehelp/ite_n_ucf_reserved_words.htm
title=UCF Reserved Words
type=xilhelp

[index UCF-init_2e]
file=isehelp/ite_n_ucf_reserved_words.htm
title=UCF Reserved Words
type=xilhelp

[index UCF-init_2f]
file=isehelp/ite_n_ucf_reserved_words.htm
title=UCF Reserved Words
type=xilhelp

[index UCF-init_30]
file=isehelp/ite_n_ucf_reserved_words.htm
title=UCF Reserved Words
type=xilhelp

[index UCF-init_31]
file=isehelp/ite_n_ucf_reserved_words.htm
title=UCF Reserved Words
type=xilhelp

[index UCF-init_32]
file=isehelp/ite_n_ucf_reserved_words.htm
title=UCF Reserved Words
type=xilhelp

[index UCF-init_33]
file=isehelp/ite_n_ucf_reserved_words.htm
title=UCF Reserved Words
type=xilhelp

[index UCF-init_34]
file=isehelp/ite_n_ucf_reserved_words.htm
title=UCF Reserved Words
type=xilhelp

[index UCF-init_35]
file=isehelp/ite_n_ucf_reserved_words.htm
title=UCF Reserved Words
type=xilhelp

[index UCF-init_36]
file=isehelp/ite_n_ucf_reserved_words.htm
title=UCF Reserved Words
type=xilhelp

[index UCF-init_37]
file=isehelp/ite_n_ucf_reserved_words.htm
title=UCF Reserved Words
type=xilhelp

[index UCF-init_38]
file=isehelp/ite_n_ucf_reserved_words.htm
title=UCF Reserved Words
type=xilhelp

[index UCF-init_39]
file=isehelp/ite_n_ucf_reserved_words.htm
title=UCF Reserved Words
type=xilhelp

[index UCF-init_3a]
file=isehelp/ite_n_ucf_reserved_words.htm
title=UCF Reserved Words
type=xilhelp

[index UCF-init_3b]
file=isehelp/ite_n_ucf_reserved_words.htm
title=UCF Reserved Words
type=xilhelp

[index UCF-init_3c]
file=isehelp/ite_n_ucf_reserved_words.htm
title=UCF Reserved Words
type=xilhelp

[index UCF-init_3d]
file=isehelp/ite_n_ucf_reserved_words.htm
title=UCF Reserved Words
type=xilhelp

[index UCF-init_3e]
file=isehelp/ite_n_ucf_reserved_words.htm
title=UCF Reserved Words
type=xilhelp

[index UCF-init_3f]
file=isehelp/ite_n_ucf_reserved_words.htm
title=UCF Reserved Words
type=xilhelp

[index UCF-init_a]
file=isehelp/ite_n_ucf_reserved_words.htm
title=UCF Reserved Words
type=xilhelp

[index UCF-init_b]
file=isehelp/ite_n_ucf_reserved_words.htm
title=UCF Reserved Words
type=xilhelp

[index UCF-init_xx]
file=isehelp/ite_n_ucf_reserved_words.htm
title=UCF Reserved Words
type=xilhelp

[index UCF-input_busses]
file=isehelp/ite_n_ucf_reserved_words.htm
title=UCF Reserved Words
type=xilhelp

[index UCF-inreg]
file=isehelp/ite_n_ucf_reserved_words.htm
title=UCF Reserved Words
type=xilhelp

[index UCF-inst=scope]
file=isehelp/ite_n_ucf_reserved_words.htm
title=UCF Reserved Words
type=xilhelp

[index UCF-intdelay]
file=isehelp/ite_n_ucf_reserved_words.htm
title=UCF Reserved Words
type=xilhelp

[index UCF-internal]
file=isehelp/ite_n_ucf_reserved_words.htm
title=UCF Reserved Words
type=xilhelp

[index UCF-internalversion]
file=isehelp/ite_n_ucf_reserved_words.htm
title=UCF Reserved Words
type=xilhelp

[index UCF-inverted]
file=isehelp/ite_n_ucf_reserved_words.htm
title=UCF Reserved Words
type=xilhelp

[index UCF-invmask]
file=isehelp/ite_n_ucf_reserved_words.htm
title=UCF Reserved Words
type=xilhelp

[index UCF-in_type]
file=isehelp/ite_n_ucf_reserved_words.htm
title=UCF Reserved Words
type=xilhelp

[index UCF-io]
file=isehelp/ite_n_ucf_reserved_words.htm
title=UCF Reserved Words
type=xilhelp

[index UCF-iob]
file=isehelp/ite_n_ucf_reserved_words.htm
title=UCF Reserved Words
type=xilhelp

[index UCF-iobdelay]
file=isehelp/ite_n_ucf_reserved_words.htm
title=UCF Reserved Words
type=xilhelp

[index UCF-iobdelay]
file=isehelp/ite_n_ucf_reserved_words.htm
title=UCF Reserved Words
type=xilhelp

[index UCF-iocomp]
file=isehelp/ite_n_ucf_reserved_words.htm
title=UCF Reserved Words
type=xilhelp

[index UCF-iostandard]
file=isehelp/ite_n_ucf_reserved_words.htm
title=UCF Reserved Words
type=xilhelp

[index UCF-iostandard]
file=isehelp/ite_n_ucf_reserved_words.htm
title=UCF Reserved Words
type=xilhelp

[index UCF-keep]
file=isehelp/ite_n_ucf_reserved_words.htm
title=UCF Reserved Words
type=xilhelp

[index UCF-keeper]
file=isehelp/ite_n_ucf_reserved_words.htm
title=UCF Reserved Words
type=xilhelp

[index UCF-keep_hierarchy]
file=isehelp/ite_n_ucf_reserved_words.htm
title=UCF Reserved Words
type=xilhelp

[index UCF-keep_type]
file=isehelp/ite_n_ucf_reserved_words.htm
title=UCF Reserved Words
type=xilhelp

[index UCF-lane_id]
file=isehelp/ite_n_ucf_reserved_words.htm
title=UCF Reserved Words
type=xilhelp

[index UCF-lengthcount]
file=isehelp/ite_n_ucf_reserved_words.htm
title=UCF Reserved Words
type=xilhelp

[index UCF-level]
file=isehelp/ite_n_ucf_reserved_words.htm
title=UCF Reserved Words
type=xilhelp

[index UCF-library]
file=isehelp/ite_n_ucf_reserved_words.htm
title=UCF Reserved Words
type=xilhelp

[index UCF-ll_hex_com]
file=isehelp/ite_n_ucf_reserved_words.htm
title=UCF Reserved Words
type=xilhelp

[index UCF-ll_hex_dfs]
file=isehelp/ite_n_ucf_reserved_words.htm
title=UCF Reserved Words
type=xilhelp

[index UCF-ll_hex_dllc]
file=isehelp/ite_n_ucf_reserved_words.htm
title=UCF Reserved Words
type=xilhelp

[index UCF-ll_hex_dlls]
file=isehelp/ite_n_ucf_reserved_words.htm
title=UCF Reserved Words
type=xilhelp

[index UCF-ll_hex_misc]
file=isehelp/ite_n_ucf_reserved_words.htm
title=UCF Reserved Words
type=xilhelp

[index UCF-loc]
file=isehelp/ite_n_ucf_reserved_words.htm
title=UCF Reserved Words
type=xilhelp

[topic UCF-locate]
file=isehelp/ite_n_ucf_reserved_words.htm

[index UCF-lock_pins]
file=isehelp/ite_n_ucf_reserved_words.htm
title=UCF Reserved Words
type=xilhelp

[index UCF-logic]
file=isehelp/ite_n_ucf_reserved_words.htm
title=UCF Reserved Words
type=xilhelp

[index UCF-logic_opt]
file=isehelp/ite_n_ucf_reserved_words.htm
title=UCF Reserved Words
type=xilhelp

[index UCF-longline]
file=isehelp/ite_n_ucf_reserved_words.htm
title=UCF Reserved Words
type=xilhelp

[index UCF-lowpwr]
file=isehelp/ite_n_ucf_reserved_words.htm
title=UCF Reserved Words
type=xilhelp

[index UCF-lut_function]
file=isehelp/ite_n_ucf_reserved_words.htm
title=UCF Reserved Words
type=xilhelp

[topic UCF-lutnm]
file=isehelp/ite_n_ucf_reserved_words.htm

[index UCF-m0pin]
file=isehelp/ite_n_ucf_reserved_words.htm
title=UCF Reserved Words
type=xilhelp

[index UCF-m1pin]
file=isehelp/ite_n_ucf_reserved_words.htm
title=UCF Reserved Words
type=xilhelp

[index UCF-m2pin]
file=isehelp/ite_n_ucf_reserved_words.htm
title=UCF Reserved Words
type=xilhelp

[index UCF-macroname]
file=isehelp/ite_n_ucf_reserved_words.htm
title=UCF Reserved Words
type=xilhelp

[index UCF-map]
file=isehelp/ite_n_ucf_reserved_words.htm
title=UCF Reserved Words
type=xilhelp

[index UCF-map_module]
file=isehelp/ite_n_ucf_reserved_words.htm
title=UCF Reserved Words
type=xilhelp

[index UCF-map_timestamp]
file=isehelp/ite_n_ucf_reserved_words.htm
title=UCF Reserved Words
type=xilhelp

[index UCF-map_version]
file=isehelp/ite_n_ucf_reserved_words.htm
title=UCF Reserved Words
type=xilhelp

[index UCF-maxdelay]
file=isehelp/ite_n_ucf_reserved_words.htm
title=UCF Reserved Words
type=xilhelp

[index UCF-maxfreqclkin]
file=isehelp/ite_n_ucf_reserved_words.htm
title=UCF Reserved Words
type=xilhelp

[index UCF-maxfreqpsclk]
file=isehelp/ite_n_ucf_reserved_words.htm
title=UCF Reserved Words
type=xilhelp

[index UCF-maxfreqrefclk]
file=isehelp/ite_n_ucf_reserved_words.htm
title=UCF Reserved Words
type=xilhelp

[index UCF-maxfreqrxusrclk2]
file=isehelp/ite_n_ucf_reserved_words.htm
title=UCF Reserved Words
type=xilhelp

[index UCF-maxfreqrxusrclk]
file=isehelp/ite_n_ucf_reserved_words.htm
title=UCF Reserved Words
type=xilhelp

[index UCF-maxfreqtxusrclk2]
file=isehelp/ite_n_ucf_reserved_words.htm
title=UCF Reserved Words
type=xilhelp

[index UCF-maxfreqtxusrclk]
file=isehelp/ite_n_ucf_reserved_words.htm
title=UCF Reserved Words
type=xilhelp

[index UCF-maxper]
file=isehelp/ite_n_ucf_reserved_words.htm
title=UCF Reserved Words
type=xilhelp

[index UCF-maxperclkin]
file=isehelp/ite_n_ucf_reserved_words.htm
title=UCF Reserved Words
type=xilhelp

[index UCF-maxperpsclk]
file=isehelp/ite_n_ucf_reserved_words.htm
title=UCF Reserved Words
type=xilhelp

[index UCF-maxperrefclk]
file=isehelp/ite_n_ucf_reserved_words.htm
title=UCF Reserved Words
type=xilhelp

[index UCF-maxperrxusrclk2]
file=isehelp/ite_n_ucf_reserved_words.htm
title=UCF Reserved Words
type=xilhelp

[index UCF-maxperrxusrclk]
file=isehelp/ite_n_ucf_reserved_words.htm
title=UCF Reserved Words
type=xilhelp

[index UCF-maxpertxusrclk2]
file=isehelp/ite_n_ucf_reserved_words.htm
title=UCF Reserved Words
type=xilhelp

[index UCF-maxpertxusrclk]
file=isehelp/ite_n_ucf_reserved_words.htm
title=UCF Reserved Words
type=xilhelp

[index UCF-maxpt]
file=isehelp/ite_n_ucf_reserved_words.htm
title=UCF Reserved Words
type=xilhelp

[index UCF-maxskew]
file=isehelp/ite_n_ucf_reserved_words.htm
title=UCF Reserved Words
type=xilhelp

[index UCF-mcomma_10b_value]
file=isehelp/ite_n_ucf_reserved_words.htm
title=UCF Reserved Words
type=xilhelp

[index UCF-mcomma_align]
file=isehelp/ite_n_ucf_reserved_words.htm
title=UCF Reserved Words
type=xilhelp

[index UCF-mcomma_detect]
file=isehelp/ite_n_ucf_reserved_words.htm
title=UCF Reserved Words
type=xilhelp

[index UCF-meddelay]
file=isehelp/ite_n_ucf_reserved_words.htm
title=UCF Reserved Words
type=xilhelp

[index UCF-memfile]
file=isehelp/ite_n_ucf_reserved_words.htm
title=UCF Reserved Words
type=xilhelp

[index UCF-mindelay]
file=isehelp/ite_n_ucf_reserved_words.htm
title=UCF Reserved Words
type=xilhelp

[index UCF-minfreqclkin]
file=isehelp/ite_n_ucf_reserved_words.htm
title=UCF Reserved Words
type=xilhelp

[index UCF-minfreqpsclk]
file=isehelp/ite_n_ucf_reserved_words.htm
title=UCF Reserved Words
type=xilhelp

[index UCF-minfreqrefclk]
file=isehelp/ite_n_ucf_reserved_words.htm
title=UCF Reserved Words
type=xilhelp

[index UCF-minfreqrxusrclk2]
file=isehelp/ite_n_ucf_reserved_words.htm
title=UCF Reserved Words
type=xilhelp

[index UCF-minfreqrxusrclk]
file=isehelp/ite_n_ucf_reserved_words.htm
title=UCF Reserved Words
type=xilhelp

[index UCF-minfreqtxusrclk2]
file=isehelp/ite_n_ucf_reserved_words.htm
title=UCF Reserved Words
type=xilhelp

[index UCF-minfreqtxusrclk]
file=isehelp/ite_n_ucf_reserved_words.htm
title=UCF Reserved Words
type=xilhelp

[index UCF-minim]
file=isehelp/ite_n_ucf_reserved_words.htm
title=UCF Reserved Words
type=xilhelp

[index UCF-minimize]
file=isehelp/ite_n_ucf_reserved_words.htm
title=UCF Reserved Words
type=xilhelp

[index UCF-minskew]
file=isehelp/ite_n_ucf_reserved_words.htm
title=UCF Reserved Words
type=xilhelp

[index UCF-modtype]
file=isehelp/ite_n_ucf_reserved_words.htm
title=UCF Reserved Words
type=xilhelp

[index UCF-module=scope]
file=isehelp/ite_n_ucf_reserved_words.htm
title=UCF Reserved Words
type=xilhelp

[index UCF-mrinput]
file=isehelp/ite_n_ucf_reserved_words.htm
title=UCF Reserved Words
type=xilhelp

[index UCF-multiply]
file=isehelp/ite_n_ucf_reserved_words.htm
title=UCF Reserved Words
type=xilhelp

[index UCF-net=scope]
file=isehelp/ite_n_ucf_reserved_words.htm
title=UCF Reserved Words
type=xilhelp

[index UCF-noclip]
file=isehelp/ite_n_ucf_reserved_words.htm
title=UCF Reserved Words
type=xilhelp

[index UCF-nodelay]
file=isehelp/ite_n_ucf_reserved_words.htm
title=UCF Reserved Words
type=xilhelp

[index UCF-nomerge]
file=isehelp/ite_n_ucf_reserved_words.htm
title=UCF Reserved Words
type=xilhelp

[index UCF-noncritical]
file=isehelp/ite_n_ucf_reserved_words.htm
title=UCF Reserved Words
type=xilhelp

[index UCF-noreduce]
file=isehelp/ite_n_ucf_reserved_words.htm
title=UCF Reserved Words
type=xilhelp

[index UCF-obuflevel]
file=isehelp/ite_n_ucf_reserved_words.htm
title=UCF Reserved Words
type=xilhelp

[index UCF-oe_phase]
file=isehelp/ite_n_ucf_reserved_words.htm
title=UCF Reserved Words
type=xilhelp

[index UCF-offset]
file=isehelp/ite_n_ucf_reserved_words.htm
title=UCF Reserved Words
type=xilhelp

[index UCF-offset=scope]
file=isehelp/ite_n_ucf_reserved_words.htm
title=UCF Reserved Words
type=xilhelp

[index UCF-oneshot]
file=isehelp/ite_n_ucf_reserved_words.htm
title=UCF Reserved Words
type=xilhelp

[index UCF-open_drain]
file=isehelp/ite_n_ucf_reserved_words.htm
title=UCF Reserved Words
type=xilhelp

[index UCF-opt]
file=isehelp/ite_n_ucf_reserved_words.htm
title=UCF Reserved Words
type=xilhelp

[index UCF-optimize]
file=isehelp/ite_n_ucf_reserved_words.htm
title=UCF Reserved Words
type=xilhelp

[index UCF-optype]
file=isehelp/ite_n_ucf_reserved_words.htm
title=UCF Reserved Words
type=xilhelp

[index UCF-opt_effort]
file=isehelp/ite_n_ucf_reserved_words.htm
title=UCF Reserved Words
type=xilhelp

[index UCF-osc]
file=isehelp/ite_n_ucf_reserved_words.htm
title=UCF Reserved Words
type=xilhelp

[index UCF-oscclk]
file=isehelp/ite_n_ucf_reserved_words.htm
title=UCF Reserved Words
type=xilhelp

[index UCF-oscillator]
file=isehelp/ite_n_ucf_reserved_words.htm
title=UCF Reserved Words
type=xilhelp

[index UCF-outputsactive]
file=isehelp/ite_n_ucf_reserved_words.htm
title=UCF Reserved Words
type=xilhelp

[index UCF-outreg]
file=isehelp/ite_n_ucf_reserved_words.htm
title=UCF Reserved Words
type=xilhelp

[index UCF-out_type]
file=isehelp/ite_n_ucf_reserved_words.htm
title=UCF Reserved Words
type=xilhelp

[index UCF-offset]
file=isehelp/ite_n_ucf_reserved_words.htm
title=UCF Reserved Words
type=xilhelp

[index UCF-pad_loc]
file=isehelp/ite_n_ucf_reserved_words.htm
title=UCF Reserved Words
type=xilhelp

[index UCF-pad_location]
file=isehelp/ite_n_ucf_reserved_words.htm
title=UCF Reserved Words
type=xilhelp

[index UCF-part]
file=isehelp/ite_n_ucf_reserved_words.htm
title=UCF Reserved Words
type=xilhelp

[index UCF-pcomma_10b_value]
file=isehelp/ite_n_ucf_reserved_words.htm
title=UCF Reserved Words
type=xilhelp

[index UCF-pcomma_align]
file=isehelp/ite_n_ucf_reserved_words.htm
title=UCF Reserved Words
type=xilhelp

[index UCF-pcomma_detect]
file=isehelp/ite_n_ucf_reserved_words.htm
title=UCF Reserved Words
type=xilhelp

[index UCF-period]
file=isehelp/ite_n_ucf_reserved_words.htm
title=UCF Reserved Words
type=xilhelp

[index UCF-phase_shift]
file=isehelp/ite_n_ucf_reserved_words.htm
title=UCF Reserved Words
type=xilhelp

[index UCF-physonly]
file=isehelp/ite_n_ucf_reserved_words.htm
title=UCF Reserved Words
type=xilhelp

[index UCF-picspec]
file=isehelp/ite_n_ucf_reserved_words.htm
title=UCF Reserved Words
type=xilhelp

[index UCF-picspeed]
file=isehelp/ite_n_ucf_reserved_words.htm
title=UCF Reserved Words
type=xilhelp

[topic UCF-pin]
file=isehelp/ite_n_ucf_reserved_words.htm

[index UCF-pin=scope]
file=isehelp/ite_n_ucf_reserved_words.htm
title=UCF Reserved Words
type=xilhelp

[index UCF-pindelay]
file=isehelp/ite_n_ucf_reserved_words.htm
title=UCF Reserved Words
type=xilhelp

[index UCF-pinname]
file=isehelp/ite_n_ucf_reserved_words.htm
title=UCF Reserved Words
type=xilhelp

[index UCF-pld]
file=isehelp/ite_n_ucf_reserved_words.htm
title=UCF Reserved Words
type=xilhelp

[index UCF-ppcuser]
file=isehelp/ite_n_ucf_reserved_words.htm
title=UCF Reserved Words
type=xilhelp

[index UCF-preload_opt]
file=isehelp/ite_n_ucf_reserved_words.htm
title=UCF Reserved Words
type=xilhelp

[index UCF-pri]
file=isehelp/ite_n_ucf_reserved_words.htm
title=UCF Reserved Words
type=xilhelp

[index UCF-priority]
file=isehelp/ite_n_ucf_reserved_words.htm
title=UCF Reserved Words
type=xilhelp

[index UCF-progmode]
file=isehelp/ite_n_ucf_reserved_words.htm
title=UCF Reserved Words
type=xilhelp

[index UCF-progpin]
file=isehelp/ite_n_ucf_reserved_words.htm
title=UCF Reserved Words
type=xilhelp

[index UCF-prohibit]
file=isehelp/ite_n_ucf_reserved_words.htm
title=UCF Reserved Words
type=xilhelp

[index UCF-pulldown]
file=isehelp/ite_n_ucf_reserved_words.htm
title=UCF Reserved Words
type=xilhelp

[index UCF-pullup]
file=isehelp/ite_n_ucf_reserved_words.htm
title=UCF Reserved Words
type=xilhelp

[index UCF-pulse]
file=isehelp/ite_n_ucf_reserved_words.htm
title=UCF Reserved Words
type=xilhelp

[index UCF-pwr]
file=isehelp/ite_n_ucf_reserved_words.htm
title=UCF Reserved Words
type=xilhelp

[index UCF-pwr_mode]
file=isehelp/ite_n_ucf_reserved_words.htm
title=UCF Reserved Words
type=xilhelp

[index UCF-range]
file=isehelp/ite_n_ucf_reserved_words.htm
title=UCF Reserved Words
type=xilhelp

[index UCF-readabort]
file=isehelp/ite_n_ucf_reserved_words.htm
title=UCF Reserved Words
type=xilhelp

[index UCF-readback]
file=isehelp/ite_n_ucf_reserved_words.htm
title=UCF Reserved Words
type=xilhelp

[index UCF-readcapture]
file=isehelp/ite_n_ucf_reserved_words.htm
title=UCF Reserved Words
type=xilhelp

[index UCF-readclk]
file=isehelp/ite_n_ucf_reserved_words.htm
title=UCF Reserved Words
type=xilhelp

[index UCF-reconfig_mode]
file=isehelp/ite_n_ucf_reserved_words.htm
title=UCF Reserved Words
type=xilhelp

[index UCF-ref_clk_v_sel]
file=isehelp/ite_n_ucf_reserved_words.htm
title=UCF Reserved Words
type=xilhelp

[index UCF-reg]
file=isehelp/ite_n_ucf_reserved_words.htm
title=UCF Reserved Words
type=xilhelp

[index UCF-registered]
file=isehelp/ite_n_ucf_reserved_words.htm
title=UCF Reserved Words
type=xilhelp

[index UCF-reg_opt]
file=isehelp/ite_n_ucf_reserved_words.htm
title=UCF Reserved Words
type=xilhelp

[index UCF-reg_out]
file=isehelp/ite_n_ucf_reserved_words.htm
title=UCF Reserved Words
type=xilhelp

[index UCF-relloc]
file=isehelp/ite_n_ucf_reserved_words.htm
title=UCF Reserved Words
type=xilhelp

[index UCF-reserved_sites]
file=isehelp/ite_n_ucf_reserved_words.htm
title=UCF Reserved Words
type=xilhelp

[index UCF-rloc]
file=isehelp/ite_n_ucf_reserved_words.htm
title=UCF Reserved Words
type=xilhelp

[index UCF-rloc_origin]
file=isehelp/ite_n_ucf_reserved_words.htm
title=UCF Reserved Words
type=xilhelp

[index UCF-rloc_range]
file=isehelp/ite_n_ucf_reserved_words.htm
title=UCF Reserved Words
type=xilhelp

[index UCF-route]
file=isehelp/ite_n_ucf_reserved_words.htm
title=UCF Reserved Words
type=xilhelp

[index UCF-route_area]
file=isehelp/ite_n_ucf_reserved_words.htm
title=UCF Reserved Words
type=xilhelp

[index UCF-rpm_grid]
file=isehelp/ite_n_ucf_reserved_words.htm
title=UCF Reserved Words
type=xilhelp

[index UCF-rx_buffer_limit]
file=isehelp/ite_n_ucf_reserved_words.htm
title=UCF Reserved Words
type=xilhelp

[index UCF-rx_buffer_use]
file=isehelp/ite_n_ucf_reserved_words.htm
title=UCF Reserved Words
type=xilhelp

[index UCF-rx_crc_use]
file=isehelp/ite_n_ucf_reserved_words.htm
title=UCF Reserved Words
type=xilhelp

[index UCF-rx_data_width]
file=isehelp/ite_n_ucf_reserved_words.htm
title=UCF Reserved Words
type=xilhelp

[index UCF-rx_decode_use]
file=isehelp/ite_n_ucf_reserved_words.htm
title=UCF Reserved Words
type=xilhelp

[index UCF-rx_loss_of_sync_fsm]
file=isehelp/ite_n_ucf_reserved_words.htm
title=UCF Reserved Words
type=xilhelp

[index UCF-rx_los_invalid_incr]
file=isehelp/ite_n_ucf_reserved_words.htm
title=UCF Reserved Words
type=xilhelp

[index UCF-rx_los_threshold]
file=isehelp/ite_n_ucf_reserved_words.htm
title=UCF Reserved Words
type=xilhelp

[index UCF-rx_term_imp]
file=isehelp/ite_n_ucf_reserved_words.htm
title=UCF Reserved Words
type=xilhelp

[topic UCF-save net flag]
file=isehelp/ite_n_ucf_reserved_words.htm

[index UCF-schmitt_trigger]
file=isehelp/ite_n_ucf_reserved_words.htm
title=UCF Reserved Words
type=xilhelp

[topic UCF-sim_collision_check]
file=isehelp/ite_n_ucf_reserved_words.htm

[index UCF-secure_config]
file=isehelp/ite_n_ucf_reserved_words.htm
title=UCF Reserved Words
type=xilhelp

[index UCF-sel_f15]
file=isehelp/ite_n_ucf_reserved_words.htm
title=UCF Reserved Words
type=xilhelp

[index UCF-sel_f16k]
file=isehelp/ite_n_ucf_reserved_words.htm
title=UCF Reserved Words
type=xilhelp

[index UCF-sel_f490]
file=isehelp/ite_n_ucf_reserved_words.htm
title=UCF Reserved Words
type=xilhelp

[index UCF-sel_f500k]
file=isehelp/ite_n_ucf_reserved_words.htm
title=UCF Reserved Words
type=xilhelp

[index UCF-serdes_10b]
file=isehelp/ite_n_ucf_reserved_words.htm
title=UCF Reserved Words
type=xilhelp

[index UCF-set=scope]
file=isehelp/ite_n_ucf_reserved_words.htm
title=UCF Reserved Words
type=xilhelp

[index UCF-setup]
file=isehelp/ite_n_ucf_reserved_words.htm
title=UCF Reserved Words
type=xilhelp

[index UCF-setup_all]
file=isehelp/ite_n_ucf_reserved_words.htm
title=UCF Reserved Words
type=xilhelp

[index UCF-setup_read_first]
file=isehelp/ite_n_ucf_reserved_words.htm
title=UCF Reserved Words
type=xilhelp

[index UCF-shift_type]
file=isehelp/ite_n_ucf_reserved_words.htm
title=UCF Reserved Words
type=xilhelp

[index UCF-sig_alias]
file=isehelp/ite_n_ucf_reserved_words.htm
title=UCF Reserved Words
type=xilhelp

[index UCF-slew]
file=isehelp/ite_n_ucf_reserved_words.htm
title=UCF Reserved Words
type=xilhelp

[index UCF-slewrate]
file=isehelp/ite_n_ucf_reserved_words.htm
title=UCF Reserved Words
type=xilhelp

[index UCF-slow]
file=isehelp/ite_n_ucf_reserved_words.htm
title=UCF Reserved Words
type=xilhelp

[index UCF-source_node]
file=isehelp/ite_n_ucf_reserved_words.htm
title=UCF Reserved Words
type=xilhelp

[index UCF-srval]
file=isehelp/ite_n_ucf_reserved_words.htm
title=UCF Reserved Words
type=xilhelp

[index UCF-srval_a]
file=isehelp/ite_n_ucf_reserved_words.htm
title=UCF Reserved Words
type=xilhelp

[index UCF-srval_b]
file=isehelp/ite_n_ucf_reserved_words.htm
title=UCF Reserved Words
type=xilhelp

[index UCF-startupclk]
file=isehelp/ite_n_ucf_reserved_words.htm
title=UCF Reserved Words
type=xilhelp

[index UCF-startupmode]
file=isehelp/ite_n_ucf_reserved_words.htm
title=UCF Reserved Words
type=xilhelp

[index UCF-startup_wait]
file=isehelp/ite_n_ucf_reserved_words.htm
title=UCF Reserved Words
type=xilhelp

[index UCF-style]
file=isehelp/ite_n_ucf_reserved_words.htm
title=UCF Reserved Words
type=xilhelp

[topic UCF-suspend]
file=isehelp/ite_n_ucf_reserved_words.htm

[index UCF-synctodone]
file=isehelp/ite_n_ucf_reserved_words.htm
title=UCF Reserved Words
type=xilhelp

[index UCF-sync_count]
file=isehelp/ite_n_ucf_reserved_words.htm
title=UCF Reserved Words
type=xilhelp

[index UCF-sync_val]
file=isehelp/ite_n_ucf_reserved_words.htm
title=UCF Reserved Words
type=xilhelp

[topic UCF-system_jitter]
file=isehelp/ite_n_ucf_reserved_words.htm

[index UCF-temperature]
file=isehelp/ite_n_ucf_reserved_words.htm
title=UCF Reserved Words
type=xilhelp

[index UCF-temperature=scope]
file=isehelp/ite_n_ucf_reserved_words.htm
title=UCF Reserved Words
type=xilhelp

[index UCF-termination_imp]
file=isehelp/ite_n_ucf_reserved_words.htm
title=UCF Reserved Words
type=xilhelp

[index UCF-test_mode_1]
file=isehelp/ite_n_ucf_reserved_words.htm
title=UCF Reserved Words
type=xilhelp

[index UCF-test_mode_2]
file=isehelp/ite_n_ucf_reserved_words.htm
title=UCF Reserved Words
type=xilhelp

[index UCF-test_mode_3]
file=isehelp/ite_n_ucf_reserved_words.htm
title=UCF Reserved Words
type=xilhelp

[index UCF-test_mode_4]
file=isehelp/ite_n_ucf_reserved_words.htm
title=UCF Reserved Words
type=xilhelp

[index UCF-test_mode_5]
file=isehelp/ite_n_ucf_reserved_words.htm
title=UCF Reserved Words
type=xilhelp

[index UCF-test_mode_6]
file=isehelp/ite_n_ucf_reserved_words.htm
title=UCF Reserved Words
type=xilhelp

[index UCF-tig]
file=isehelp/ite_n_ucf_reserved_words.htm
title=UCF Reserved Words
type=xilhelp

[index UCF-timegrp]
file=isehelp/ite_n_ucf_reserved_words.htm
title=UCF Reserved Words
type=xilhelp

[topic UCF-timegrp=scope]
file=isehelp/ite_n_ucf_reserved_words.htm
title=UCF Reserved Words [ISE Text Editor]
type=xilhelp

[index UCF-timespec]
file=isehelp/ite_n_ucf_reserved_words.htm
title=UCF Reserved Words
type=xilhelp

[index UCF-timespec=scope]
file=isehelp/ite_n_ucf_reserved_words.htm
title=UCF Reserved Words
type=xilhelp

[index UCF-tnm]
file=isehelp/ite_n_ucf_reserved_words.htm
title=UCF Reserved Words
type=xilhelp

[index UCF-tnm_net]
file=isehelp/ite_n_ucf_reserved_words.htm
title=UCF Reserved Words
type=xilhelp

[index UCF-tnm_net]
file=isehelp/ite_n_ucf_reserved_words.htm
title=UCF Reserved Words
type=xilhelp

[index UCF-tpsync]
file=isehelp/ite_n_ucf_reserved_words.htm
title=UCF Reserved Words
type=xilhelp

[index UCF-tpthru]
file=isehelp/ite_n_ucf_reserved_words.htm
title=UCF Reserved Words
type=xilhelp

[index UCF-true=literal]
file=isehelp/ite_n_ucf_reserved_words.htm
title=UCF Reserved Words
type=xilhelp

[index UCF-ts]
file=isehelp/ite_n_ucf_reserved_words.htm
title=UCF Reserved Words
type=xilhelp

[index UCF-tsidentifier]
file=isehelp/ite_n_ucf_reserved_words.htm
title=UCF Reserved Words
type=xilhelp

[index UCF-tx_buffer_use]
file=isehelp/ite_n_ucf_reserved_words.htm
title=UCF Reserved Words
type=xilhelp

[index UCF-tx_crc_force_value]
file=isehelp/ite_n_ucf_reserved_words.htm
title=UCF Reserved Words
type=xilhelp

[index UCF-tx_crc_use]
file=isehelp/ite_n_ucf_reserved_words.htm
title=UCF Reserved Words
type=xilhelp

[index UCF-tx_data_width]
file=isehelp/ite_n_ucf_reserved_words.htm
title=UCF Reserved Words
type=xilhelp

[index UCF-tx_diff_ctrl]
file=isehelp/ite_n_ucf_reserved_words.htm
title=UCF Reserved Words
type=xilhelp

[index UCF-tx_preemphasis]
file=isehelp/ite_n_ucf_reserved_words.htm
title=UCF Reserved Words
type=xilhelp

[index UCF-type]
file=isehelp/ite_n_ucf_reserved_words.htm
title=UCF Reserved Words
type=xilhelp

[index UCF-timegroug]
file=isehelp/ite_n_ucf_reserved_words.htm
title=UCF Reserved Words
type=xilhelp

[index UCF-timespec]
file=isehelp/ite_n_ucf_reserved_words.htm
title=UCF Reserved Words
type=xilhelp

[index UCF-uim_opt]
file=isehelp/ite_n_ucf_reserved_words.htm
title=UCF Reserved Words
type=xilhelp

[index UCF-uselowskewlines]
file=isehelp/ite_n_ucf_reserved_words.htm
title=UCF Reserved Words
type=xilhelp

[index UCF-userstring]
file=isehelp/ite_n_ucf_reserved_words.htm
title=UCF Reserved Words
type=xilhelp

[index UCF-use_rloc]
file=isehelp/ite_n_ucf_reserved_words.htm
title=UCF Reserved Words
type=xilhelp

[index UCF-use_rpm]
file=isehelp/ite_n_ucf_reserved_words.htm
title=UCF Reserved Words
type=xilhelp

[index UCF-u_set]
file=isehelp/ite_n_ucf_reserved_words.htm
title=UCF Reserved Words
type=xilhelp

[index UCF-uselowskewlines]
file=isehelp/ite_n_ucf_reserved_words.htm
title=UCF Reserved Words
type=xilhelp

[topic UCF-vccaux]
file=isehelp/ite_n_ucf_reserved_words.htm

[index UCF-vendor]
file=isehelp/ite_n_ucf_reserved_words.htm
title=UCF Reserved Words
type=xilhelp

[index UCF-very_high_frequency]
file=isehelp/ite_n_ucf_reserved_words.htm
title=UCF Reserved Words
type=xilhelp

[index UCF-voltage]
file=isehelp/ite_n_ucf_reserved_words.htm
title=UCF Reserved Words
type=xilhelp

[index UCF-voltage=scope]
file=isehelp/ite_n_ucf_reserved_words.htm
title=UCF Reserved Words
type=xilhelp

[index UCF-vref]
file=isehelp/ite_n_ucf_reserved_words.htm
title=UCF Reserved Words
type=xilhelp

[index UCF-wireand]
file=isehelp/ite_n_ucf_reserved_words.htm
title=UCF Reserved Words
type=xilhelp

[index UCF-wire_and]
file=isehelp/ite_n_ucf_reserved_words.htm
title=UCF Reserved Words
type=xilhelp

[index UCF-write_mode]
file=isehelp/ite_n_ucf_reserved_words.htm
title=UCF Reserved Words
type=xilhelp

[index UCF-write_mode_a]
file=isehelp/ite_n_ucf_reserved_words.htm
title=UCF Reserved Words
type=xilhelp

[index UCF-write_mode_b]
file=isehelp/ite_n_ucf_reserved_words.htm
title=UCF Reserved Words
type=xilhelp

[index UCF-xblknm]
file=isehelp/ite_n_ucf_reserved_words.htm
title=UCF Reserved Words
type=xilhelp

[index UCF-xilfile]
file=isehelp/ite_n_ucf_reserved_words.htm
title=UCF Reserved Words
type=xilhelp

[index UCF-xil_internal_ppcuser]
file=isehelp/ite_n_ucf_reserved_words.htm
title=UCF Reserved Words
type=xilhelp

[index UCF-xon]
file=isehelp/ite_n_ucf_reserved_words.htm
title=UCF Reserved Words
type=xilhelp

[index UCF-xsource]
file=isehelp/ite_n_ucf_reserved_words.htm
title=UCF Reserved Words
type=xilhelp

[index UCF-xtool]
file=isehelp/ite_n_ucf_reserved_words.htm
title=UCF Reserved Words
type=xilhelp

[index UCF-xvendor]
file=isehelp/ite_n_ucf_reserved_words.htm
title=UCF Reserved Words
type=xilhelp

[index UCF-from]
file=isehelp/ite_n_ucf_reserved_words.htm
title=UCF Reserved Words
type=xilhelp

[index UCF-to]
file=isehelp/ite_n_ucf_reserved_words.htm
title=UCF Reserved Words
type=xilhelp

[index UCF-thru]
file=isehelp/ite_n_ucf_reserved_words.htm
title=UCF Reserved Words
type=xilhelp

[index UCF-out]
file=isehelp/ite_n_ucf_reserved_words.htm
title=UCF Reserved Words
type=xilhelp

[index UCF-in]
file=isehelp/ite_n_ucf_reserved_words.htm
title=UCF Reserved Words
type=xilhelp

[index UCF-after]
file=isehelp/ite_n_ucf_reserved_words.htm
title=UCF Reserved Words
type=xilhelp

[index UCF-before]
file=isehelp/ite_n_ucf_reserved_words.htm
title=UCF Reserved Words
type=xilhelp

[index UCF-pads]
file=isehelp/ite_n_ucf_reserved_words.htm
title=UCF Reserved Words
type=xilhelp

[index UCF-except]
file=isehelp/ite_n_ucf_reserved_words.htm
title=UCF Reserved Words
type=xilhelp

[index UCF-implement]
file=isehelp/ite_n_ucf_reserved_words.htm
title=UCF Reserved Words
type=xilhelp

[index UCF-place]
file=isehelp/ite_n_ucf_reserved_words.htm
title=UCF Reserved Words
type=xilhelp

[index UCF-open]
file=isehelp/ite_n_ucf_reserved_words.htm
title=UCF Reserved Words
type=xilhelp

[index UCF-close]
file=isehelp/ite_n_ucf_reserved_words.htm
title=UCF Reserved Words
type=xilhelp

[index UCF-mode]
file=isehelp/ite_n_ucf_reserved_words.htm
title=UCF Reserved Words
type=xilhelp

[index UCF-reconfig]
file=isehelp/ite_n_ucf_reserved_words.htm
title=UCF Reserved Words
type=xilhelp

[index UCF-insulated]
file=isehelp/ite_n_ucf_reserved_words.htm
title=UCF Reserved Words
type=xilhelp

[index UCF-locked]
file=isehelp/ite_n_ucf_reserved_words.htm
title=UCF Reserved Words
type=xilhelp

[index UCF-float]
file=isehelp/ite_n_ucf_reserved_words.htm
title=UCF Reserved Words
type=xilhelp

[index UCF-system_jitter]
file=isehelp/ite_n_ucf_reserved_words.htm
title=UCF Reserved Words
type=xilhelp

// TCL RESERVED WORDS

[index TCL-after]
file=isehelp/ite_r_tcl_reserved_words.htm
title=Tcl Reserved Words
type=xilhelp

[index TCL-append]
file=isehelp/ite_r_tcl_reserved_words.htm
title=Tcl Reserved Words
type=xilhelp

[index TCL-array]
file=isehelp/ite_r_tcl_reserved_words.htm
title=Tcl Reserved Words
type=xilhelp

[index TCL-auto_execok]
file=isehelp/ite_r_tcl_reserved_words.htm
title=Tcl Reserved Words
type=xilhelp

[index TCL-auto_import]
file=isehelp/ite_r_tcl_reserved_words.htm
title=Tcl Reserved Words
type=xilhelp

[index TCL-auto_load]
file=isehelp/ite_r_tcl_reserved_words.htm
title=Tcl Reserved Words
type=xilhelp

[index TCL-auto_load_index]
file=isehelp/ite_r_tcl_reserved_words.htm
title=Tcl Reserved Words
type=xilhelp

[index TCL-auto_qualify]
file=isehelp/ite_r_tcl_reserved_words.htm
title=Tcl Reserved Words
type=xilhelp

[index TCL-binary]
file=isehelp/ite_r_tcl_reserved_words.htm
title=Tcl Reserved Words
type=xilhelp

[index TCL-bgerror]
file=isehelp/ite_r_tcl_reserved_words.htm
title=Tcl Reserved Words [ISE Text Editor]
type=xilhelp

[index TCL-break]
file=isehelp/ite_r_tcl_reserved_words.htm
title=Tcl Reserved Words
type=xilhelp

[index TCL-catch]
file=isehelp/ite_r_tcl_reserved_words.htm
title=Tcl Reserved Words
type=xilhelp

[index TCL-cd]
file=isehelp/ite_r_tcl_reserved_words.htm
title=Tcl Reserved Words
type=xilhelp

[index TCL-clock]
file=isehelp/ite_r_tcl_reserved_words.htm
title=Tcl Reserved Words
type=xilhelp

[index TCL-close]
file=isehelp/ite_r_tcl_reserved_words.htm
title=Tcl Reserved Words
type=xilhelp

[index TCL-concat]
file=isehelp/ite_r_tcl_reserved_words.htm
title=Tcl Reserved Words
type=xilhelp

[index TCL-continue]
file=isehelp/ite_r_tcl_reserved_words.htm
title=Tcl Reserved Words
type=xilhelp

[index TCL-dde]
file=isehelp/ite_r_tcl_reserved_words.htm
title=Tcl Reserved Words
type=xilhelp

[index TCL-default]
file=isehelp/ite_r_tcl_reserved_words.htm
title=Tcl Reserved Words
type=xilhelp

[index TCL-else]
file=isehelp/ite_r_tcl_reserved_words.htm
title=Tcl Reserved Words
type=xilhelp

[index TCL-elseif]
file=isehelp/ite_r_tcl_reserved_words.htm
title=Tcl Reserved Words
type=xilhelp

[index TCL-encoding]
file=isehelp/ite_r_tcl_reserved_words.htm
title=Tcl Reserved Words
type=xilhelp

[index TCL-eof]
file=isehelp/ite_r_tcl_reserved_words.htm
title=Tcl Reserved Words
type=xilhelp

[index TCL-error]
file=isehelp/ite_r_tcl_reserved_words.htm
title=Tcl Reserved Words
type=xilhelp

[index TCL-eval]
file=isehelp/ite_r_tcl_reserved_words.htm
title=Tcl Reserved Words
type=xilhelp

[index TCL-exec]
file=isehelp/ite_r_tcl_reserved_words.htm
title=Tcl Reserved Words
type=xilhelp

[index TCL-exit]
file=isehelp/ite_r_tcl_reserved_words.htm
title=Tcl Reserved Words
type=xilhelp

[index TCL-expr]
file=isehelp/ite_r_tcl_reserved_words.htm
title=Tcl Reserved Words
type=xilhelp

[index TCL-fblocked]
file=isehelp/ite_r_tcl_reserved_words.htm
title=Tcl Reserved Words
type=xilhelp

[index TCL-fconfigure]
file=isehelp/ite_r_tcl_reserved_words.htm
title=Tcl Reserved Words
type=xilhelp

[index TCL-fcopy]
file=isehelp/ite_r_tcl_reserved_words.htm
title=Tcl Reserved Words
type=xilhelp

[index TCL-file]
file=isehelp/ite_r_tcl_reserved_words.htm
title=Tcl Reserved Words
type=xilhelp

[index TCL-fileevent]
file=isehelp/ite_r_tcl_reserved_words.htm
title=Tcl Reserved Words
type=xilhelp

[index TCL-flush]
file=isehelp/ite_r_tcl_reserved_words.htm
title=Tcl Reserved Words
type=xilhelp

[index TCL-for]
file=isehelp/ite_r_tcl_reserved_words.htm
title=Tcl Reserved Words
type=xilhelp

[index TCL-foreach]
file=isehelp/ite_r_tcl_reserved_words.htm
title=Tcl Reserved Words
type=xilhelp

[index TCL-format]
file=isehelp/ite_r_tcl_reserved_words.htm
title=Tcl Reserved Words
type=xilhelp

[index TCL-gets]
file=isehelp/ite_r_tcl_reserved_words.htm
title=Tcl Reserved Words
type=xilhelp

[index TCL-glob]
file=isehelp/ite_r_tcl_reserved_words.htm
title=Tcl Reserved Words
type=xilhelp

[index TCL-global]
file=isehelp/ite_r_tcl_reserved_words.htm
title=Tcl Reserved Words
type=xilhelp

[index TCL-history]
file=isehelp/ite_r_tcl_reserved_words.htm
title=Tcl Reserved Words
type=xilhelp

[index TCL-if]
file=isehelp/ite_r_tcl_reserved_words.htm
title=Tcl Reserved Words
type=xilhelp

[index TCL-incr]
file=isehelp/ite_r_tcl_reserved_words.htm
title=Tcl Reserved Words
type=xilhelp

[index TCL-info]
file=isehelp/ite_r_tcl_reserved_words.htm
title=Tcl Reserved Words
type=xilhelp

[index TCL-interp]
file=isehelp/ite_r_tcl_reserved_words.htm
title=Tcl Reserved Words
type=xilhelp

[index TCL-join]
file=isehelp/ite_r_tcl_reserved_words.htm
title=Tcl Reserved Words
type=xilhelp

[index TCL-lappend]
file=isehelp/ite_r_tcl_reserved_words.htm
title=Tcl Reserved Words
type=xilhelp

[index TCL-lindex]
file=isehelp/ite_r_tcl_reserved_words.htm
title=Tcl Reserved Words
type=xilhelp

[index TCL-linsert]
file=isehelp/ite_r_tcl_reserved_words.htm
title=Tcl Reserved Words
type=xilhelp

[index TCL-list]
file=isehelp/ite_r_tcl_reserved_words.htm
title=Tcl Reserved Words
type=xilhelp

[index TCL-llength]
file=isehelp/ite_r_tcl_reserved_words.htm
title=Tcl Reserved Words
type=xilhelp

[index TCL-load]
file=isehelp/ite_r_tcl_reserved_words.htm
title=Tcl Reserved Words
type=xilhelp

[index TCL-lrange]
file=isehelp/ite_r_tcl_reserved_words.htm
title=Tcl Reserved Words
type=xilhelp

[index TCL-lreplace]
file=isehelp/ite_r_tcl_reserved_words.htm
title=Tcl Reserved Words
type=xilhelp

[index TCL-lsearch]
file=isehelp/ite_r_tcl_reserved_words.htm
title=Tcl Reserved Words
type=xilhelp

[index TCL-lsort]
file=isehelp/ite_r_tcl_reserved_words.htm
title=Tcl Reserved Words
type=xilhelp

[index TCL-namespace]
file=isehelp/ite_r_tcl_reserved_words.htm
title=Tcl Reserved Words
type=xilhelp

[index TCL-open]
file=isehelp/ite_r_tcl_reserved_words.htm
title=Tcl Reserved Words
type=xilhelp

[index TCL-package]
file=isehelp/ite_r_tcl_reserved_words.htm
title=Tcl Reserved Words
type=xilhelp

[index TCL-pid]
file=isehelp/ite_r_tcl_reserved_words.htm
title=Tcl Reserved Words
type=xilhelp

[index TCL-pkg_mkIndex]
file=isehelp/ite_r_tcl_reserved_words.htm
title=Tcl Reserved Words
type=xilhelp

[index TCL-proc]
file=isehelp/ite_r_tcl_reserved_words.htm
title=Tcl Reserved Words
type=xilhelp

[index TCL-puts]
file=isehelp/ite_r_tcl_reserved_words.htm
title=Tcl Reserved Words
type=xilhelp

[index TCL-pwd]
file=isehelp/ite_r_tcl_reserved_words.htm
title=Tcl Reserved Words
type=xilhelp

[index TCL-read]
file=isehelp/ite_r_tcl_reserved_words.htm
title=Tcl Reserved Words
type=xilhelp

[index TCL-regexp]
file=isehelp/ite_r_tcl_reserved_words.htm
title=Tcl Reserved Words
type=xilhelp

[index TCL-regsub]
file=isehelp/ite_r_tcl_reserved_words.htm
title=Tcl Reserved Words
type=xilhelp

[index TCL-rename]
file=isehelp/ite_r_tcl_reserved_words.htm
title=Tcl Reserved Words
type=xilhelp

[index TCL-resource]
file=isehelp/ite_r_tcl_reserved_words.htm
title=Tcl Reserved Words
type=xilhelp

[index TCL-return]
file=isehelp/ite_r_tcl_reserved_words.htm
title=Tcl Reserved Words
type=xilhelp

[index TCL-scan]
file=isehelp/ite_r_tcl_reserved_words.htm
title=Tcl Reserved Words
type=xilhelp

[index TCL-seek]
file=isehelp/ite_r_tcl_reserved_words.htm
title=Tcl Reserved Words
type=xilhelp

[index TCL-set]
file=isehelp/ite_r_tcl_reserved_words.htm
title=Tcl Reserved Words
type=xilhelp

[index TCL-socket]
file=isehelp/ite_r_tcl_reserved_words.htm
title=Tcl Reserved Words
type=xilhelp

[index TCL-source]
file=isehelp/ite_r_tcl_reserved_words.htm
title=Tcl Reserved Words
type=xilhelp

[index TCL-split]
file=isehelp/ite_r_tcl_reserved_words.htm
title=Tcl Reserved Words
type=xilhelp

[index TCL-string]
file=isehelp/ite_r_tcl_reserved_words.htm
title=Tcl Reserved Words
type=xilhelp

[index TCL-subst]
file=isehelp/ite_r_tcl_reserved_words.htm
title=Tcl Reserved Words
type=xilhelp

[index TCL-switch]
file=isehelp/ite_r_tcl_reserved_words.htm
title=Tcl Reserved Words
type=xilhelp

[index TCL-tclLog]
file=isehelp/ite_r_tcl_reserved_words.htm
title=Tcl Reserved Words
type=xilhelp

[index TCL-tell]
file=isehelp/ite_r_tcl_reserved_words.htm
title=Tcl Reserved Words
type=xilhelp

[index TCL-time]
file=isehelp/ite_r_tcl_reserved_words.htm
title=Tcl Reserved Words
type=xilhelp

[index TCL-trace]
file=isehelp/ite_r_tcl_reserved_words.htm
title=Tcl Reserved Words
type=xilhelp

[index TCL-unknown]
file=isehelp/ite_r_tcl_reserved_words.htm
title=Tcl Reserved Words
type=xilhelp

[index TCL-unset]
file=isehelp/ite_r_tcl_reserved_words.htm
title=Tcl Reserved Words
type=xilhelp

[index TCL-update]
file=isehelp/ite_r_tcl_reserved_words.htm
title=Tcl Reserved Words
type=xilhelp

[index TCL-uplevel]
file=isehelp/ite_r_tcl_reserved_words.htm
title=Tcl Reserved Words
type=xilhelp

[index TCL-upvar]
file=isehelp/ite_r_tcl_reserved_words.htm
title=Tcl Reserved Words
type=xilhelp

[index TCL-variable]
file=isehelp/ite_r_tcl_reserved_words.htm
title=Tcl Reserved Words
type=xilhelp

[index TCL-vwait]
file=isehelp/ite_r_tcl_reserved_words.htm
title=Tcl Reserved Words
type=xilhelp

[index TCL-while]
file=isehelp/ite_r_tcl_reserved_words.htm
title=Tcl Reserved Words
type=xilhelp
